gk7101s_gpio.c:50:6:gk7101_gpio_set_incfg	0	static
gk7101s_gpio.c:230:6:gk7101_gpio_config	16	static
gk7101s_gpio.c:245:6:gk7101_gpio_set	0	static
gk7101s_gpio.c:255:5:gk7101_gpio_get	8	static
gk7101s_gpio.c:266:5:gk7101_set_gpio_output	8	static
gk7101s_gpio.c:302:5:gk7101_get_gpio_input	24	static
gk7101s_gpio.c:334:5:gk7101_set_gpio_reset	16	static
gk7101s_gpio.c:723:6:gk710xs_save_gpio_cfg_to_usr_memory	640	static
gk7101s_gpio.c:829:6:gk710xs_gpio_initialize	408	static
gk7101s_gpio.c:852:6:gk710xs_phy_gpio_initialize	240	static
