gk7101_sflash.c:759:12:sflash_wip_done_wait	0	static
gk7101_sflash.c:1408:12:sflash_write_enable	0	static
gk7101_sflash.c:1292:12:sflash_disenable_io4	8	static
gk7101_sflash.c:1439:12:sflash_set_ext_addr	16	static
gk7101_sflash.c:2567:12:sflash_erase	48	static
gk7101_sflash.c:1893:12:sflash_write_io4	40	static
gk7101_sflash.c:1785:12:sflash_write_io2	40	static
gk7101_sflash.c:1677:12:sflash_write_io1	32	static
gk7101_sflash.c:1182:12:sflash_enable_io4	8	static
gk7101_sflash.c:1575:12:sflash_read_io4	24	static
gk7101_sflash.c:1522:12:sflash_read_io2	24	static
gk7101_sflash.c:1484:12:sflash_read_io1	24	static
gk7101_sflash.c:2621:26:6	16	static
gk7101_sflash.c:934:26:goke_sflash_init	48	static
gk7101_sflash.c:2183:5:spi_flash_write_common	40	static
gk7101_sflash.c:2450:12:sflash_write	40	static
gk7101_sflash.c:2299:5:spi_flash_read_common	40	static
gk7101_sflash.c:2444:12:sflash_read	0	static
gk7101_sflash.c:2405:19:spi_flash_probe	8	static
gk7101_sflash.c:2425:6:spi_flash_free	0	static
gk7101_sflash.c:2429:6:spi_release_bus	0	static
gk7101_sflash.c:2433:5:spi_claim_bus	0	static
