spinand_bbt.c:390:12:spinand_scan_read_raw_oob	72	static
spinand_bbt.c:429:12:spinand_scan_read_raw	48	static
spinand_bbt.c:1322:13:spinand_verify_bbt_descr	24	static
spinand_bbt.c:103:12:spinand_check_pattern	32	static
spinand_bbt.c:600:12:spinand_create_bbt	112	static
spinand_bbt.c:688:12:spinand_search_bbt	56	static
spinand_bbt.c:796:12:spinand_write_bbt	232	static
spinand_bbt.c:242:12:1	88	static
spinand_bbt.c:1178:5:spinand_update_bbt	32	static
spinand_bbt.c:1241:13:spinand_mark_bbt_region	24	static
spinand_bbt.c:1381:5:spinand_scan_bbt	48	static
spinand_bbt.c:1538:5:spinand_default_bbt	16	static
spinand_bbt.c:1573:5:spinand_isbad_bbt	8	static
