gk7101_spinand.c:920:12:gk7101_spinand_read_from_cache	16	static
gk7101_spinand.c:1126:12:3	0	static
gk7101_spinand.c:1212:12:gk7101_spinand_program_data_to_cache	32	static
gk7101_spinand.c:518:17:9	0	static
gk7101_spinand.c:57:6:spinand_set_ce	0	static
gk7101_spinand.c:62:11:spinand_get_ce	0	static
gk7101_spinand.c:67:6:spinand_set_ce_chselect	0	static
gk7101_spinand.c:474:12:gk7101_spinand_set_channel	8	static
gk7101_spinand.c:492:12:gk7101_spinand_release_channel	8	static
gk7101_spinand.c:837:12:gk7101_spinand_enable_ecc	16	static
gk7101_spinand.c:861:12:gk7101_spinand_disable_ecc	16	static
gk7101_spinand.c:1464:12:gk7101_spinand_erase_block	16	static
gk7101_spinand.c:1318:12:gk7101_spinand_program_page_raw	24	static
gk7101_spinand.c:1372:12:gk7101_spinand_program_page	24	static
gk7101_spinand.c:1025:12:gk7101_spinand_read_page_raw	24	static
gk7101_spinand.c:1077:12:gk7101_spinand_read_page	24	static
gk7101_spinand.c:642:12:gk7101_spinand_read_id	16	static
gk7101_spinand.c:682:12:gk7101_spinand_reset	32	static
gk7101_spinand.c:79:6:spinand_set_speed	0	static
gk7101_spinand.c:83:11:spinand_get_speed	0	static
gk7101_spinand.c:92:6:spinand_set_command	0	static
gk7101_spinand.c:101:6:spinand_set_data	0	static
gk7101_spinand.c:106:10:spinand_get_data	0	static
gk7101_spinand.c:1571:5:spinand_board_init	16	static
