spinand_base.c:1213:12:spinand_block_bad	56	static
spinand_base.c:1184:13:spinand_sync	8	static
spinand_base.c:135:12:spinand_fill_oob	24	static
spinand_base.c:531:12:spinand_do_write_oob	80	static
spinand_base.c:1333:12:spinand_default_block_markbad	80	static
spinand_base.c:682:12:spinand_do_write_ops	80	static
spinand_base.c:905:12:spinand_write	64	static
spinand_base.c:82:12:spinand_transfer_oob	24	static
spinand_base.c:384:12:spinand_do_read_ops	80	static
spinand_base.c:870:12:spinand_read	64	static
spinand_base.c:216:12:spinand_block_checkbad	24	static
spinand_base.c:1197:12:spinand_block_isbad	24	static
spinand_base.c:1392:12:spinand_block_markbad	24	static
spinand_base.c:979:12:spinand_write_oob	24	static
spinand_base.c:939:12:spinand_read_oob	72	static
spinand_base.c:1033:5:spinand_erase_nand	64	static
spinand_base.c:1172:12:spinand_erase	0	static
spinand_base.c:1436:5:spinand_scan	0	static
spinand_base.c:1480:6:spinand_release	0	static
