goke_gpio.c:50:6:gk7101_gpio_set_incfg	8	static
goke_gpio.c:74:5:gk7101_gpio_func_config	24	static
goke_gpio.c:170:6:gk7101_gpio_config	16	static
goke_gpio.c:185:6:gk7101_gpio_set	16	static
goke_gpio.c:195:5:gk7101_gpio_get	8	static
goke_gpio.c:206:5:gk7101_set_gpio_output	8	static
goke_gpio.c:242:5:gk7101_get_gpio_input	24	static
goke_gpio.c:274:5:gk7101_set_gpio_reset	16	static
goke_gpio.c:639:6:gk710x_save_gpio_cfg_to_usr_memory	496	static
goke_gpio.c:737:6:gk7101_gpio_initialize	464	static
goke_gpio.c:759:6:gk7101_phy_gpio_initialize	8	static
