Archive member included because of file (symbol)

/opt/goke/ct_uClibc/4.6.1/usr/bin/../lib/gcc/arm-goke-linux-uclibcgnueabi/4.6.1/libgcc.a(_udivsi3.o)
                              arch/arm/cpu/arm1176/gk7101s/libgk7101s.o (__aeabi_uidiv)
/opt/goke/ct_uClibc/4.6.1/usr/bin/../lib/gcc/arm-goke-linux-uclibcgnueabi/4.6.1/libgcc.a(_divsi3.o)
                              common/libcommon.o (__aeabi_idiv)
/opt/goke/ct_uClibc/4.6.1/usr/bin/../lib/gcc/arm-goke-linux-uclibcgnueabi/4.6.1/libgcc.a(_lshrdi3.o)
                              drivers/mtd/spinand/libspinand.o (__aeabi_llsr)
/opt/goke/ct_uClibc/4.6.1/usr/bin/../lib/gcc/arm-goke-linux-uclibcgnueabi/4.6.1/libgcc.a(_ashrdi3.o)
                              drivers/mtd/spinand/libspinand.o (__aeabi_lasr)
/opt/goke/ct_uClibc/4.6.1/usr/bin/../lib/gcc/arm-goke-linux-uclibcgnueabi/4.6.1/libgcc.a(_ashldi3.o)
                              drivers/mtd/spinand/libspinand.o (__aeabi_llsl)
/opt/goke/ct_uClibc/4.6.1/usr/bin/../lib/gcc/arm-goke-linux-uclibcgnueabi/4.6.1/libgcc.a(_dvmd_lnx.o)
                              /opt/goke/ct_uClibc/4.6.1/usr/bin/../lib/gcc/arm-goke-linux-uclibcgnueabi/4.6.1/libgcc.a(_udivsi3.o) (__aeabi_idiv0)

Memory Configuration

Name             Origin             Length             Attributes
*default*        0x00000000         0xffffffff

Linker script and memory map

                0xc0800000                . = 0xc0800000
                0xc0800000                . = ALIGN (0x4)

.text           0xc0800000    0x1e4f4
 arch/arm/cpu/arm1176/start.o(.text)
 .text          0xc0800000      0x4e0 arch/arm/cpu/arm1176/start.o
                0xc0800000                _start
                0xc0800088                _end_vect
                0xc0800090                _TEXT_BASE
                0xc0800098                _bss_start_ofs
                0xc080009c                _bss_end_ofs
                0xc08000a0                _end_ofs
                0xc08000a4                IRQ_STACK_START_IN
                0xc0800124                relocate_code
 *(.text)
 .text          0xc08004e0      0x3ac arch/arm/cpu/arm1176/gk7101s/libgk7101s.o
                0xc08004e0                arch_cpu_init
                0xc08004e8                reset_cpu
                0xc0800510                timer_init
                0xc0800540                __udelay
                0xc08005c4                get_tbclk
                0xc08005cc                get_timer
                0xc08005f8                get_ticks
                0xc080065c                serial_init
                0xc0800798                serial_putc
                0xc08007bc                serial_puts
                0xc08007dc                serial_getc
                0xc0800824                serial_tstc
                0xc0800850                serial_setbrg
 .text          0xc080088c       0x24 arch/arm/cpu/arm1176/libarm1176.o
                0xc080088c                cleanup_before_linux
 .text          0xc08008b0      0xddc arch/arm/lib/libarm.o
                0xc08008b0                memcpy
                0xc0800bc8                memmove
                0xc0800f10                coloured_LED_init
                0xc0800f10                __coloured_LED_init
                0xc0800f14                __red_led_on
                0xc0800f14                red_led_on
                0xc0800f18                __red_led_off
                0xc0800f18                red_led_off
                0xc0800f1c                green_led_on
                0xc0800f1c                __green_led_on
                0xc0800f20                green_led_off
                0xc0800f20                __green_led_off
                0xc0800f24                yellow_led_on
                0xc0800f24                __yellow_led_on
                0xc0800f28                __yellow_led_off
                0xc0800f28                yellow_led_off
                0xc0800f2c                blue_led_on
                0xc0800f2c                __blue_led_on
                0xc0800f30                __blue_led_off
                0xc0800f30                blue_led_off
                0xc0800f34                __dram_init_banksize
                0xc0800f50                __arch_cpu_init
                0xc0800f58                board_init_r
                0xc0801000                hang
                0xc0801014                board_init_f
                0xc08012e8                arch_lmb_reserve
                0xc080130c                do_bootm_linux
                0xc0801360                bootz_setup
                0xc08013a4                interrupt_init
                0xc08013c0                enable_interrupts
                0xc08013c4                disable_interrupts
                0xc08013cc                bad_mode
                0xc08013dc                show_regs
                0xc080151c                do_undefined_instruction
                0xc080153c                do_software_interrupt
                0xc080155c                do_prefetch_abort
                0xc080157c                do_data_abort
                0xc080159c                do_not_used
                0xc08015bc                do_fiq
                0xc08015dc                do_irq
                0xc08015e0                do_reset
                0xc0801610                flush_cache
                0xc0801610                __flush_cache
                0xc0801614                __flush_dcache_all
                0xc0801614                flush_dcache_all
                0xc0801620                enable_caches
                0xc0801620                __enable_caches
                0xc080162c                icache_enable
                0xc0801630                icache_disable
                0xc0801634                icache_status
                0xc080163c                dcache_enable
                0xc0801640                dcache_disable
                0xc0801644                dcache_status
                0xc080164c                ARM1176_set_and_go
 .text          0xc080168c     0xb92c common/libcommon.o
                0xc08016a4                do_bdinfo
                0xc08017bc                do_go_exec
                0xc08017d4                do_go
                0xc0801a44                do_bootd
                0xc0801b6c                do_iminfo
                0xc0802338                arch_preboot_os
                0xc0802338                __arch_preboot_os
                0xc080233c                do_bootm_subcommand
                0xc0802580                do_bootm
                0xc0802970                bootm_maybe_autostart
                0xc08029fc                do_coninfo
                0xc0802ab4                do_echo
                0xc0802c04                do_bootelf_exec
                0xc0802c48                valid_elf_image
                0xc0802c94                do_bootvx
                0xc0802f30                do_bootelf
                0xc0803388                do_flinfo
                0xc0803404                flash_sect_roundb
                0xc0803590                flash_sect_erase
                0xc0803678                do_flerase
                0xc0803818                flash_sect_protect
                0xc080390c                do_protect
                0xc0803ba0                do_help
                0xc0803c54                binary_test
                0xc0803e20                do_itest
                0xc0804244                do_load_serial
                0xc080433c                send_pad
                0xc0804368                ktrans
                0xc0804388                chk1
                0xc08043b0                s1_sendpacket
                0xc08043d4                send_ack
                0xc0804430                send_nack
                0xc080448c                k_data_init
                0xc08044ac                k_data_save
                0xc08044d0                k_data_restore
                0xc08044f4                k_data_char
                0xc0804544                handle_send_packet
                0xc0804704                do_load_serial_bin
                0xc0804b58                do_mem_crc
                0xc0804c04                do_mem_base
                0xc0804c44                do_mem_mtest
                0xc0804de8                do_mem_loop
                0xc0804ed8                do_mem_cmp
                0xc0805010                do_mem_mw
                0xc08050c8                do_mem_cp
                0xc08051e8                do_mem_md
                0xc08053fc                do_mem_nm
                0xc0805404                do_mem_mm
                0xc080540c                do_sleep
                0xc080577c                do_nfs
                0xc0805788                do_dhcp
                0xc0805794                do_tftpput
                0xc08057a0                do_tftpb
                0xc08057ac                do_bootp
                0xc08057b8                do_ping
                0xc0805bbc                do_env_save
                0xc0805c88                do_env_print
                0xc0805d0c                get_env_id
                0xc0805d1c                env_check_apply
                0xc0805f00                _do_env_set
                0xc08060b4                do_env_set
                0xc08060d4                setenv
                0xc0806380                setenv_ulong
                0xc08063a0                setenv_addr
                0xc08063d4                envmatch
                0xc0806438                getenv_f
                0xc08064f4                getenv
                0xc0806560                getenv_ulong
                0xc0806590                do_env_edit
                0xc08065f4                do_spi_flash
                0xc0806b88                source
                0xc0806c88                do_source
                0xc0806f78                do_snand
                0xc0807a68                do_version
                0xc0807aa0                do_imgextract
                0xc0807d6c                find_cmd_tbl
                0xc0807e08                find_cmd
                0xc0807e30                cmd_usage
                0xc0807e8c                _do_help
                0xc0808010                var_complete
                0xc0808094                cmd_auto_complete
                0xc080850c                cmd_get_data_size
                0xc080855c                cmd_process
                0xc08086b4                serial_printf
                0xc08086f8                fgetc
                0xc0808724                ftstc
                0xc0808750                fputc
                0xc0808778                fputs
                0xc08087a0                fprintf
                0xc08087e8                getc
                0xc080880c                tstc
                0xc0808830                putc
                0xc0808858                puts
                0xc0808880                printf
                0xc08088d0                vprintf
                0xc0808910                ctrlc
                0xc080895c                disable_ctrlc
                0xc0808974                had_ctrlc
                0xc0808984                clear_ctrlc
                0xc0808998                dbg
                0xc08089a4                search_device
                0xc08089cc                console_assign
                0xc0808a0c                console_init_f
                0xc0808a2c                stdio_print_current_devices
                0xc0808ae0                console_init_r
                0xc0808bc8                sbrk
                0xc0808c24                mem_malloc_init
                0xc0808c48                malloc_trim
                0xc0808d18                free
                0xc0808f3c                cfree
                0xc0808f40                malloc
                0xc0809510                calloc
                0xc08095e4                memalign
                0xc08096f4                pvalloc
                0xc080970c                valloc
                0xc0809718                realloc
                0xc0809b20                malloc_usable_size
                0xc0809b5c                mallopt
                0xc0809bd0                env_get_char_spec
                0xc0809bdc                env_get_addr
                0xc0809c00                env_get_char_memory
                0xc0809c10                env_get_char
                0xc0809c44                set_default_env
                0xc0809d04                set_default_vars
                0xc0809d3c                env_import
                0xc0809e20                env_relocate
                0xc0809e50                env_complete
                0xc0809f34                saveenv
                0xc080a094                env_relocate_spec
                0xc080a13c                env_init
                0xc080a15c                get_version
                0xc080a164                jumptable_init
                0xc080a2f4                flash_protect
                0xc080a3f0                addr2info
                0xc080a440                flash_write
                0xc080a5a4                flash_perror
                0xc080a6e0                image_check_hcrc
                0xc080a730                image_check_dcrc
                0xc080a76c                image_multi_count
                0xc080a790                image_multi_getimg
                0xc080a814                getenv_yesno
                0xc080a83c                getenv_bootm_low
                0xc080a86c                getenv_bootm_size
                0xc080a8c8                getenv_bootm_mapsize
                0xc080a8f8                memmove_wd
                0xc080a904                genimg_print_size
                0xc080a934                get_table_entry_name
                0xc080a960                genimg_get_os_name
                0xc080a978                genimg_get_arch_name
                0xc080a990                genimg_get_type_name
                0xc080a9a8                genimg_get_comp_name
                0xc080a9c0                image_print_contents
                0xc080ab38                get_table_entry_id
                0xc080ab84                genimg_get_os_id
                0xc080ab9c                genimg_get_arch_id
                0xc080abb4                genimg_get_type_id
                0xc080abcc                genimg_get_comp_id
                0xc080abe4                genimg_get_format
                0xc080abf8                genimg_get_image
                0xc080abfc                genimg_has_config
                0xc080ac04                boot_get_ramdisk
                0xc080ae34                boot_ramdisk_high
                0xc080b114                __show_boot_progress
                0xc080b114                show_boot_progress
                0xc080b118                readline_into_buffer
                0xc080bacc                readline
                0xc080bae8                parse_line
                0xc080bea4                run_command
                0xc080bebc                run_command_list
                0xc080bfa8                main_loop
                0xc080c140                do_run
                0xc080c1bc                get_ram_size
                0xc080c330                srec_decode
                0xc080c598                stdio_get_list
                0xc080c5a4                stdio_get_by_name
                0xc080c5f8                stdio_clone
                0xc080c640                stdio_register
                0xc080c684                stdio_init
                0xc080c70c                CYGACC_COMM_IF_GETC_TIMEOUT
                0xc080c9f4                CYGACC_COMM_IF_PUTC
                0xc080c9fc                parse_num
                0xc080cb18                xyzModem_stream_open
                0xc080cc64                xyzModem_stream_read
                0xc080ceb4                xyzModem_stream_close
                0xc080cf04                xyzModem_stream_terminate
                0xc080cf98                xyzModem_error
 .text          0xc080cfb8      0x260 disk/libdisk.o
                0xc080cfb8                get_dev
                0xc080cfc0                get_partition_info
                0xc080cfc8                get_device
                0xc080d01c                get_device_and_partition
 .text          0xc080d218      0x89c drivers/gpio/libgpio.o
                0xc080d218                gk7101_gpio_set_incfg
                0xc080d22c                gk7101_gpio_config
                0xc080d4b4                gk7101_gpio_set
                0xc080d4f4                gk7101_gpio_get
                0xc080d540                gk7101_set_gpio_output
                0xc080d5bc                gk7101_get_gpio_input
                0xc080d684                gk7101_set_gpio_reset
                0xc080d750                gk710xs_save_gpio_cfg_to_usr_memory
                0xc080d988                gk710xs_gpio_initialize
                0xc080d9f4                gk710xs_phy_gpio_initialize
 .text          0xc080dab4      0x53c drivers/input/libinput.o
                0xc080dba0                input_queue_ascii
                0xc080dbf0                input_tstc
                0xc080dc34                input_getc
                0xc080dc94                input_send_keycodes
                0xc080deb4                input_add_table
                0xc080def4                input_init
                0xc080df9c                input_stdio_register
 .text          0xc080dff0       0x80 drivers/mtd/nand/libnand.o
                0xc080dff0                nand_register
                0xc080e06c                nand_init
 .text          0xc080e070     0x16ec drivers/mtd/spi/libspi_flash.o
                0xc080ecc4                goke_sflash_init
                0xc080f014                spi_flash_write_common
                0xc080f4e0                spi_flash_read_common
                0xc080f708                spi_flash_probe
                0xc080f74c                spi_flash_free
                0xc080f750                spi_release_bus
                0xc080f754                spi_claim_bus
 .text          0xc080f75c     0x42c4 drivers/mtd/spinand/libspinand.o
                0xc080f75c                board_nand_init
                0xc08109d0                spinand_erase_nand
                0xc0810d38                spinand_scan
                0xc0810e68                spinand_release
                0xc0811f1c                spinand_update_bbt
                0xc0812138                spinand_scan_bbt
                0xc081257c                spinand_default_bbt
                0xc081264c                spinand_isbad_bbt
                0xc0812730                spinand_erase_opts
                0xc0812a84                spinand_write_skip_bad
                0xc0812c68                spinand_read_skip_bad
                0xc0813058                spinand_set_ce
                0xc0813068                spinand_get_ce
                0xc0813078                spinand_set_ce_chselect
                0xc0813710                spinand_set_speed
                0xc0813720                spinand_get_speed
                0xc0813730                spinand_set_command
                0xc0813740                spinand_set_data
                0xc0813750                spinand_get_data
                0xc0813760                spinand_board_init
 .text          0xc0813a20      0xebc drivers/net/libnet.o
                0xc0813a20                gk7101_eth_halt
                0xc0813ac0                gk7101_eth_recv
                0xc0813c74                gk7101_eth_write_hwaddr
                0xc0813d1c                gk7101_eth_send
                0xc0813f10                gk7101_eth_init
                0xc0814268                MHal_EMAC_WritReg8
                0xc0814288                MHal_EMAC_ReadReg8
                0xc08142a8                gk7101_eth_config_register
                0xc081484c                gk7101_eth_initialize
 .text          0xc08148dc        0x0 drivers/pcmcia/libpcmcia.o
 .text          0xc08148dc        0x0 drivers/rtc/librtc.o
 .text          0xc08148dc     0x3038 lib/libgeneric.o
                0xc08148dc                cyg_crc16
                0xc0814924                crc32_no_comp
                0xc0814a04                crc32
                0xc0814a18                crc32_wd
                0xc0814a1c                crc7
                0xc0814a4c                display_options
                0xc0814a6c                print_size
                0xc0814bb0                print_buffer
                0xc0814d18                __div64_32
                0xc0814e04                gzfree
                0xc0814e0c                gzalloc
                0xc0814e1c                zunzip
                0xc0814f24                gunzip
                0xc0815034                hcreate_r
                0xc08150e0                hdestroy_r
                0xc081517c                hstrstr_r
                0xc0815228                hmatch_r
                0xc08152c8                hsearch_r
                0xc08155b8                hdelete_r
                0xc081566c                hexport_r
                0xc0815914                himport_r
                0xc0815c84                ldiv
                0xc0815e9c                lmb_dump_all
                0xc0815ea0                lmb_init
                0xc0815ec8                lmb_add
                0xc0815ecc                lmb_free
                0xc0815ff0                lmb_reserve
                0xc0815ff8                lmb_overlaps_region
                0xc0816054                __lmb_alloc_base
                0xc0816184                lmb_alloc_base
                0xc08161b8                lmb_alloc
                0xc08161c0                lmb_is_reserved
                0xc0816220                board_lmb_reserve
                0xc0816220                __board_lmb_reserve
                0xc0816224                __arch_lmb_reserve
                0xc0816228                string_to_ip
                0xc0816298                qsort
                0xc0816368                strcmp_compar
                0xc0816374                strcpy
                0xc081638c                strncpy
                0xc08163b0                strcat
                0xc08163dc                strncat
                0xc0816430                strcmp
                0xc0816458                strncmp
                0xc081649c                strchr
                0xc08164d0                skip_spaces
                0xc08164f8                strlen
                0xc0816518                strim
                0xc0816570                strrchr
                0xc08165ac                strnlen
                0xc08165d8                strdup
                0xc081660c                strspn
                0xc081664c                strpbrk
                0xc0816688                strtok
                0xc0816700                strsep
                0xc0816734                strswab
                0xc0816780                memset
                0xc08167f0                bcopy
                0xc0816818                memcmp
                0xc081684c                memscan
                0xc0816878                strstr
                0xc08168d8                memchr
                0xc0816908                strmhz
                0xc0816974                udelay
                0xc08169a4                mdelay
                0xc081757c                simple_strtoul
                0xc0817628                strict_strtoul
                0xc08176a0                simple_strtol
                0xc08176c8                ustrtoul
                0xc081773c                simple_strtoull
                0xc081783c                vsprintf
                0xc0817840                sprintf
                0xc0817864                panic
                0xc08178a8                __assert_fail
                0xc08178bc                simple_itoa
 .text          0xc0817914     0x2728 lib/zlib/libz.o
                0xc0817914                zcfree
                0xc081791c                zcalloc
                0xc0817924                inflate_fast
                0xc0817eec                inflate_table
                0xc08184c0                inflateReset
                0xc0818540                inflateInit2_
                0xc0818648                inflateInit_
                0xc081865c                inflateEnd
                0xc08186c8                adler32
                0xc08189c0                inflate
 .text          0xc081a03c     0x3f68 net/libnet.o
                0xc081a03c                ArpInit
                0xc081a068                arp_raw_request
                0xc081a138                ArpRequest
                0xc081a1ac                ArpTimeoutCheck
                0xc081a220                ArpReceive
                0xc081aadc                BootpRequest
                0xc081acd4                DhcpRequest
                0xc081ad20                cpu_eth_init
                0xc081ad80                eth_parse_enetaddr
                0xc081add4                eth_getenv_enetaddr
                0xc081adf4                eth_setenv_enetaddr
                0xc081ae28                eth_getenv_enetaddr_by_index
                0xc081ae78                eth_get_dev_by_name
                0xc081aefc                eth_get_dev_by_index
                0xc081af40                eth_get_dev_index
                0xc081af5c                eth_write_hwaddr
                0xc081b0d0                eth_register
                0xc081b13c                eth_unregister
                0xc081b1d8                eth_initialize
                0xc081b368                eth_halt
                0xc081b398                eth_send
                0xc081b3d0                eth_rx
                0xc081b3fc                eth_try_another
                0xc081b474                eth_init
                0xc081b538                eth_set_current
                0xc081b5c8                eth_get_name
                0xc081b610                net_auto_load
                0xc081b670                net_get_udp_handler
                0xc081b680                net_set_udp_handler
                0xc081b6a0                net_get_arp_handler
                0xc081b6b0                net_set_arp_handler
                0xc081b6d0                net_set_icmp_handler
                0xc081b6e0                NetSetTimeout
                0xc081b718                NetStartAgain
                0xc081b84c                NetCksum
                0xc081b884                NetCksumOk
                0xc081b8a8                NetReceive
                0xc081bbd4                NetEthHdrSize
                0xc081bc14                NetSetEther
                0xc081bcbc                net_update_ether
                0xc081bd44                net_set_ip_header
                0xc081bdcc                net_set_udp_header
                0xc081be74                NetSendUDPPacket
                0xc081bf78                copy_filename
                0xc081bfbc                random_port
                0xc081bfd8                ip_to_string
                0xc081c028                VLAN_to_string
                0xc081c078                string_to_VLAN
                0xc081c0d0                getenv_VLAN
                0xc081c190                net_init
                0xc081c1fc                NetLoop
                0xc081d170                NfsStart
                0xc081d3c0                ping_start
                0xc081d4e4                ping_receive
                0xc081dc20                TftpStart
 .text          0xc081dfa4      0x304 board/goke/gk7101s/libgk7101s.o
                0xc081dfa4                lowlevel_init
                0xc081e008                gk_hal_print
                0xc081e034                board_early_init_f
                0xc081e048                gpio_init
                0xc081e068                phy_gpio_init
                0xc081e088                board_init
                0xc081e0c8                dram_init_banksize
                0xc081e0e4                dram_init
                0xc081e120                board_eth_init
                0xc081e124                checkboard
                0xc081e134                flash_init
                0xc081e1ac                flash_get_info
                0xc081e1c4                flash_print_info
                0xc081e1d0                flash_get_size
                0xc081e1e8                flash_erase
                0xc081e244                write_buff
 .text          0xc081e2a8       0x24 /mnt/gm8135_share/work/GK710X_LinuxSDK_v2.0.0/boot/u-boot/arch/arm/lib/eabi_compat.o
                0xc081e2a8                raise
                0xc081e2c4                __aeabi_unwind_cpp_pr0
                0xc081e2c8                __aeabi_unwind_cpp_pr1
 .text          0xc081e2cc       0xc8 /opt/goke/ct_uClibc/4.6.1/usr/bin/../lib/gcc/arm-goke-linux-uclibcgnueabi/4.6.1/libgcc.a(_udivsi3.o)
                0xc081e2cc                __udivsi3
                0xc081e2cc                __aeabi_uidiv
                0xc081e374                __aeabi_uidivmod
 .text          0xc081e394       0xfc /opt/goke/ct_uClibc/4.6.1/usr/bin/../lib/gcc/arm-goke-linux-uclibcgnueabi/4.6.1/libgcc.a(_divsi3.o)
                0xc081e394                __aeabi_idiv
                0xc081e394                __divsi3
                0xc081e470                __aeabi_idivmod
 .text          0xc081e490       0x1c /opt/goke/ct_uClibc/4.6.1/usr/bin/../lib/gcc/arm-goke-linux-uclibcgnueabi/4.6.1/libgcc.a(_lshrdi3.o)
                0xc081e490                __aeabi_llsr
                0xc081e490                __lshrdi3
 .text          0xc081e4ac       0x1c /opt/goke/ct_uClibc/4.6.1/usr/bin/../lib/gcc/arm-goke-linux-uclibcgnueabi/4.6.1/libgcc.a(_ashrdi3.o)
                0xc081e4ac                __ashrdi3
                0xc081e4ac                __aeabi_lasr
 .text          0xc081e4c8       0x1c /opt/goke/ct_uClibc/4.6.1/usr/bin/../lib/gcc/arm-goke-linux-uclibcgnueabi/4.6.1/libgcc.a(_ashldi3.o)
                0xc081e4c8                __ashldi3
                0xc081e4c8                __aeabi_llsl
 .text          0xc081e4e4       0x10 /opt/goke/ct_uClibc/4.6.1/usr/bin/../lib/gcc/arm-goke-linux-uclibcgnueabi/4.6.1/libgcc.a(_dvmd_lnx.o)
                0xc081e4e4                __aeabi_ldiv0
                0xc081e4e4                __aeabi_idiv0

.glue_7         0xc081e4f4        0x0
 .glue_7        0x00000000        0x0 linker stubs

.glue_7t        0xc081e4f4        0x0
 .glue_7t       0x00000000        0x0 linker stubs

.vfp11_veneer   0xc081e4f4        0x0
 .vfp11_veneer  0x00000000        0x0 linker stubs

.v4_bx          0xc081e4f4        0x0
 .v4_bx         0x00000000        0x0 linker stubs
                0xc081e4f4                . = ALIGN (0x4)

.rodata         0xc081e4f4     0x8638
 *(SORT(.rodata*))
 .rodata        0xc081e4f4       0x80 arch/arm/lib/libarm.o
 .rodata        0xc081e574      0xba0 common/libcommon.o
                0xc081e671                version_string
                0xc081e6d1                default_environment
 .rodata        0xc081f114      0x2f8 drivers/gpio/libgpio.o
 .rodata        0xc081f40c       0xe4 drivers/mtd/spi/libspi_flash.o
 .rodata        0xc081f4f0       0x6c drivers/net/libnet.o
 .rodata        0xc081f55c      0x828 lib/libgeneric.o
                0xc081fb5c                crc7_syndrome_table
                0xc081fc5c                _ctype
                0xc081fd73                hex_asc
 .rodata        0xc081fd84      0x9cc lib/zlib/libz.o
                0xc0820728                z_errmsg
 .rodata        0xc0820750       0x70 drivers/input/libinput.o
 .rodata        0xc08207c0      0x229 drivers/mtd/spinand/libspinand.o
 .rodata        0xc08209e9       0x22 net/libnet.o
 .rodata.str1.1
                0xc0820a0b      0x3ac arch/arm/lib/libarm.o
                                0x3b6 (size before relaxing)
 .rodata.str1.1
                0xc0820db7     0x426c common/libcommon.o
                               0x45b9 (size before relaxing)
 .rodata.str1.1
                0xc0825023      0x110 disk/libdisk.o
                                0x112 (size before relaxing)
 .rodata.str1.1
                0xc0825133      0x13e drivers/gpio/libgpio.o
                                0x146 (size before relaxing)
 .rodata.str1.1
                0x00000000        0x6 drivers/input/libinput.o
 .rodata.str1.1
                0xc0825271        0x7 drivers/mtd/nand/libnand.o
 .rodata.str1.1
                0xc0825278      0x1f3 drivers/mtd/spi/libspi_flash.o
                                0x207 (size before relaxing)
 .rodata.str1.1
                0xc082546b      0x91e drivers/mtd/spinand/libspinand.o
                                0x94c (size before relaxing)
 .rodata.str1.1
                0xc0825d89      0x17d drivers/net/libnet.o
                                0x185 (size before relaxing)
 .rodata.str1.1
                0xc0825f06      0x1f6 lib/libgeneric.o
                                0x208 (size before relaxing)
 .rodata.str1.1
                0xc08260fc      0x21c lib/zlib/libz.o
                                0x21d (size before relaxing)
 .rodata.str1.1
                0xc0826318      0x79c net/libnet.o
                                0x91e (size before relaxing)
 .rodata.str1.1
                0xc0826ab4       0x5d board/goke/gk7101s/libgk7101s.o
 .rodata.str1.1
                0xc0826b11       0x1b /mnt/gm8135_share/work/GK710X_LinuxSDK_v2.0.0/boot/u-boot/arch/arm/lib/eabi_compat.o
                0xc0826b2c                . = ALIGN (0x4)

.data           0xc0826b2c     0x2450
 *(.data)
 .data          0xc0826b2c        0x0 arch/arm/cpu/arm1176/start.o
 .data          0xc0826b2c       0x30 arch/arm/cpu/arm1176/gk7101s/libgk7101s.o
                0xc0826b58                baudrate
 .data          0xc0826b5c        0x0 arch/arm/cpu/arm1176/libarm1176.o
 .data          0xc0826b5c       0x30 arch/arm/lib/libarm.o
                0xc0826b5c                init_sequence
 .data          0xc0826b8c      0x608 common/libcommon.o
                0xc0826d58                load_addr
                0xc0827170                env_htab
                0xc0827180                env_name_spec
                0xc0827188                stdio_names
 .data          0xc0827194        0x0 disk/libdisk.o
 .data          0xc0827194        0x0 drivers/gpio/libgpio.o
 .data          0xc0827194       0xc6 drivers/input/libinput.o
 *fill*         0xc082725a        0x2 00
 .data          0xc082725c        0x4 drivers/mtd/nand/libnand.o
                0xc082725c                nand_curr_device
 .data          0xc0827260      0x4e0 drivers/mtd/spi/libspi_flash.o
 .data          0xc0827740      0xd90 drivers/mtd/spinand/libspinand.o
                0xc08277dc                spinand_devices_supported
                0xc08279ec                spinand_commands_wb
                0xc0827a38                spinand_commands_ato
                0xc0827a84                spinand_commands_esmt
                0xc0827ad0                spinand_commands_gd
 .data          0xc08284d0        0x4 drivers/net/libnet.o
 .data          0xc08284d4        0x0 drivers/pcmcia/libpcmcia.o
 .data          0xc08284d4        0x0 drivers/rtc/librtc.o
 .data          0xc08284d4        0x0 lib/libgeneric.o
 .data          0xc08284d4        0x0 lib/zlib/libz.o
 .data          0xc08284d4       0x28 net/libnet.o
                0xc08284d4                NetOurVLAN
                0xc08284d6                NetOurNativeVLAN
                0xc08284d8                NetBcastAddr
                0xc08284f4                TftpRRQTimeoutCountMax
                0xc08284f8                TftpRRQTimeoutMSecs
 .data          0xc08284fc      0xa80 board/goke/gk7101s/libgk7101s.o
                0xc08284fc                hal_data
 .data          0xc0828f7c        0x0 /mnt/gm8135_share/work/GK710X_LinuxSDK_v2.0.0/boot/u-boot/arch/arm/lib/eabi_compat.o
 .data          0xc0828f7c        0x0 /opt/goke/ct_uClibc/4.6.1/usr/bin/../lib/gcc/arm-goke-linux-uclibcgnueabi/4.6.1/libgcc.a(_udivsi3.o)
 .data          0xc0828f7c        0x0 /opt/goke/ct_uClibc/4.6.1/usr/bin/../lib/gcc/arm-goke-linux-uclibcgnueabi/4.6.1/libgcc.a(_divsi3.o)
 .data          0xc0828f7c        0x0 /opt/goke/ct_uClibc/4.6.1/usr/bin/../lib/gcc/arm-goke-linux-uclibcgnueabi/4.6.1/libgcc.a(_lshrdi3.o)
 .data          0xc0828f7c        0x0 /opt/goke/ct_uClibc/4.6.1/usr/bin/../lib/gcc/arm-goke-linux-uclibcgnueabi/4.6.1/libgcc.a(_ashrdi3.o)
 .data          0xc0828f7c        0x0 /opt/goke/ct_uClibc/4.6.1/usr/bin/../lib/gcc/arm-goke-linux-uclibcgnueabi/4.6.1/libgcc.a(_ashldi3.o)
 .data          0xc0828f7c        0x0 /opt/goke/ct_uClibc/4.6.1/usr/bin/../lib/gcc/arm-goke-linux-uclibcgnueabi/4.6.1/libgcc.a(_dvmd_lnx.o)
                0xc0828f7c                . = ALIGN (0x4)

.got
 *(.got)
                0xc0828f7c                __u_boot_cmd_start = .

.u_boot_cmd     0xc0828f7c      0x578
 *(.u_boot_cmd)
 .u_boot_cmd    0xc0828f7c      0x578 common/libcommon.o
                0xc0828f7c                __u_boot_cmd_bdinfo
                0xc0828f98                __u_boot_cmd_reset
                0xc0828fb4                __u_boot_cmd_go
                0xc0828fd0                __u_boot_cmd_bootz
                0xc0828fec                __u_boot_cmd_imls
                0xc0829008                __u_boot_cmd_iminfo
                0xc0829024                __u_boot_cmd_bootd
                0xc0829040                __u_boot_cmd_boot
                0xc082905c                __u_boot_cmd_bootm
                0xc0829078                __u_boot_cmd_coninfo
                0xc0829094                __u_boot_cmd_echo
                0xc08290b0                __u_boot_cmd_bootvx
                0xc08290cc                __u_boot_cmd_bootelf
                0xc08290e8                __u_boot_cmd_protect
                0xc0829104                __u_boot_cmd_erase
                0xc0829120                __u_boot_cmd_flinfo
                0xc082913c                __u_boot_cmd_question_mark
                0xc0829158                __u_boot_cmd_help
                0xc0829174                __u_boot_cmd_itest
                0xc0829190                __u_boot_cmd_loady
                0xc08291ac                __u_boot_cmd_loadb
                0xc08291c8                __u_boot_cmd_loads
                0xc08291e4                __u_boot_cmd_mtest
                0xc0829200                __u_boot_cmd_loop
                0xc082921c                __u_boot_cmd_base
                0xc0829238                __u_boot_cmd_crc32
                0xc0829254                __u_boot_cmd_cmp
                0xc0829270                __u_boot_cmd_cp
                0xc082928c                __u_boot_cmd_mw
                0xc08292a8                __u_boot_cmd_nm
                0xc08292c4                __u_boot_cmd_mm
                0xc08292e0                __u_boot_cmd_md
                0xc08292fc                __u_boot_cmd_sleep
                0xc0829318                __u_boot_cmd_ping
                0xc0829334                __u_boot_cmd_nfs
                0xc0829350                __u_boot_cmd_dhcp
                0xc082936c                __u_boot_cmd_tftpput
                0xc0829388                __u_boot_cmd_tftpboot
                0xc08293a4                __u_boot_cmd_bootp
                0xc08293c0                __u_boot_cmd_run
                0xc08293dc                __u_boot_cmd_setenv
                0xc08293f8                __u_boot_cmd_printenv
                0xc0829414                __u_boot_cmd_editenv
                0xc0829430                __u_boot_cmd_env
                0xc082944c                __u_boot_cmd_saveenv
                0xc0829468                __u_boot_cmd_sf
                0xc0829484                __u_boot_cmd_source
                0xc08294a0                __u_boot_cmd_snand
                0xc08294bc                __u_boot_cmd_version
                0xc08294d8                __u_boot_cmd_imxtract
                0xc08294f4                __u_boot_cmd_end = .
                0xc08294f4                . = ALIGN (0x4)

.mmudata
 *(.mmudata)
                0xc08294f4                . = ALIGN (0x4)

.rel.dyn        0xc08294f4        0x0
                0xc08294f4                __rel_dyn_start = .
 *(.rel*)
                0xc08294f4                __rel_dyn_end = .

.dynsym         0xc08294f4        0x0
                0xc08294f4                __dynsym_start = .
 *(.dynsym)
                0xc08294f4                _end = .

.bss            0xc08294f4     0xcee0
                0xc08294f4                __bss_start = .
 *(.bss)
 .bss           0xc08294f4        0x0 arch/arm/cpu/arm1176/start.o
 .bss           0xc08294f4        0x0 arch/arm/cpu/arm1176/gk7101s/libgk7101s.o
 .bss           0xc08294f4        0x0 arch/arm/cpu/arm1176/libarm1176.o
 .bss           0xc08294f4        0x8 arch/arm/lib/libarm.o
                0xc08294f4                monitor_flash_len
 *fill*         0xc08294fc        0x4 00
 .bss           0xc0829500     0x6504 common/libcommon.o
                0xc0829500                images
                0xc0829638                his_pad_count
                0xc082963c                his_pad_char
                0xc0829655                his_eol
                0xc082965c                os_data_init
                0xc082966c                os_data_char
                0xc0829670                his_quote
                0xc0829674                send_ptr
                0xc0829678                send_parms
                0xc08296a0                save_size
                0xc08296a4                save_addr
                0xc0829cc0                mem_malloc_brk
                0xc0829cc4                mem_malloc_start
                0xc0829cc8                mem_malloc_end
                0xc0829d14                hist_num
                0xc0829d18                hist_lines
                0xc082ed2c                hist_list
                0xc082ed7c                console_buffer
                0xc082f5bc                stdio_devices
 .bss           0xc082fa04        0x0 disk/libdisk.o
 .bss           0xc082fa04      0x38c drivers/gpio/libgpio.o
 .bss           0xc082fd90        0x0 drivers/input/libinput.o
 .bss           0xc082fd90       0xb8 drivers/mtd/nand/libnand.o
                0xc082fd90                nand_info
 .bss           0xc082fe48        0xc drivers/mtd/spi/libspi_flash.o
 *fill*         0xc082fe54        0x4 00
 .bss           0xc082fe58      0x140 drivers/mtd/spinand/libspinand.o
                0xc082fe58                snand_mtd
                0xc082ff00                snand_chip
 .bss           0xc082ff98     0x31d0 drivers/net/libnet.o
 .bss           0xc0833168        0x0 drivers/pcmcia/libpcmcia.o
 .bss           0xc0833168        0x0 drivers/rtc/librtc.o
 .bss           0xc0833168       0x1e lib/libgeneric.o
                0xc0833168                errno
                0xc083316c                ___strtok
 .bss           0xc0833186        0x0 lib/zlib/libz.o
 *fill*         0xc0833186        0x2 00
 .bss           0xc0833188     0x2fbc net/libnet.o
                0xc0833188                NetArpWaitPacketMAC
                0xc083318c                NetArpWaitPacketIP
                0xc0833190                NetArpWaitReplyIP
                0xc0833194                NetArpWaitTxPacketSize
                0xc0833198                NetArpTxPacket
                0xc083319c                NetArpPacketBuf
                0xc08337dc                NetArpWaitTimerStart
                0xc08337e0                NetArpWaitTry
                0xc08337e4                dhcp_leasetime
                0xc08337e8                NetDHCPServerIP
                0xc08337ec                BootpID
                0xc08337f0                dhcp_state
                0xc08337f4                BootpTry
                0xc08337f8                eth_current
                0xc0833810                net_state
                0xc0833834                NetRestartWrap
                0xc083383c                NetRxPacket
                0xc0833840                NetRxPacketLen
                0xc0833844                NetOurIP
                0xc0833848                NetOurEther
                0xc0833850                NetIPID
                0xc0833854                NetTxPacket
                0xc0833858                NetEtherNullAddr
                0xc0833864                NetOurGatewayIP
                0xc0833868                NetOurSubnetMask
                0xc083386c                NetServerIP
                0xc0833870                PktBuf
                0xc08356b0                NetRxPackets
                0xc08356c0                NetBootFileXferSize
                0xc08356c4                BootFile
                0xc0835744                NetServerEther
                0xc083574a                NetBootFileSize
                0xc083574c                NetOurRootPath
                0xc083578c                NetOurHostName
                0xc08357ac                NetOurNISDomain
                0xc08357cc                NetOurDNSIP
                0xc0836080                NetPingIP
 .bss           0xc0836144      0x290 board/goke/gk7101s/libgk7101s.o
                0xc0836144                g_hw
                0xc0836148                flash_info
 .bss           0xc08363d4        0x0 /mnt/gm8135_share/work/GK710X_LinuxSDK_v2.0.0/boot/u-boot/arch/arm/lib/eabi_compat.o
 .bss           0xc08363d4        0x0 /opt/goke/ct_uClibc/4.6.1/usr/bin/../lib/gcc/arm-goke-linux-uclibcgnueabi/4.6.1/libgcc.a(_udivsi3.o)
 .bss           0xc08363d4        0x0 /opt/goke/ct_uClibc/4.6.1/usr/bin/../lib/gcc/arm-goke-linux-uclibcgnueabi/4.6.1/libgcc.a(_divsi3.o)
 .bss           0xc08363d4        0x0 /opt/goke/ct_uClibc/4.6.1/usr/bin/../lib/gcc/arm-goke-linux-uclibcgnueabi/4.6.1/libgcc.a(_lshrdi3.o)
 .bss           0xc08363d4        0x0 /opt/goke/ct_uClibc/4.6.1/usr/bin/../lib/gcc/arm-goke-linux-uclibcgnueabi/4.6.1/libgcc.a(_ashrdi3.o)
 .bss           0xc08363d4        0x0 /opt/goke/ct_uClibc/4.6.1/usr/bin/../lib/gcc/arm-goke-linux-uclibcgnueabi/4.6.1/libgcc.a(_ashldi3.o)
 .bss           0xc08363d4        0x0 /opt/goke/ct_uClibc/4.6.1/usr/bin/../lib/gcc/arm-goke-linux-uclibcgnueabi/4.6.1/libgcc.a(_dvmd_lnx.o)
                0xc08363d4                . = ALIGN (0x4)
                0xc08363d4                __bss_end__ = .

/DISCARD/
 *(.dynstr*)
 *(.dynamic*)
 *(.plt*)
 *(.interp*)
 *(.gnu*)
Address of section .text set to 0xc0800000
LOAD arch/arm/cpu/arm1176/start.o
START GROUP
LOAD api/libapi.o
LOAD arch/arm/cpu/arm1176/gk7101s/libgk7101s.o
LOAD arch/arm/cpu/arm1176/libarm1176.o
LOAD arch/arm/lib/libarm.o
LOAD common/libcommon.o
LOAD disk/libdisk.o
LOAD drivers/bios_emulator/libatibiosemu.o
LOAD drivers/block/libblock.o
LOAD drivers/dfu/libdfu.o
LOAD drivers/dma/libdma.o
LOAD drivers/fpga/libfpga.o
LOAD drivers/gpio/libgpio.o
LOAD drivers/hwmon/libhwmon.o
LOAD drivers/i2c/libi2c.o
LOAD drivers/input/libinput.o
LOAD drivers/misc/libmisc.o
LOAD drivers/mmc/libmmc.o
LOAD drivers/mtd/libmtd.o
LOAD drivers/mtd/nand/libnand.o
LOAD drivers/mtd/onenand/libonenand.o
LOAD drivers/mtd/spi/libspi_flash.o
LOAD drivers/mtd/spinand/libspinand.o
LOAD drivers/mtd/ubi/libubi.o
LOAD drivers/net/libnet.o
LOAD drivers/net/phy/libphy.o
LOAD drivers/pci/libpci.o
LOAD drivers/pcmcia/libpcmcia.o
LOAD drivers/power/libpower.o
LOAD drivers/rtc/librtc.o
LOAD drivers/serial/libserial.o
LOAD drivers/spi/libspi.o
LOAD drivers/twserial/libtws.o
LOAD drivers/usb/eth/libusb_eth.o
LOAD drivers/usb/gadget/libusb_gadget.o
LOAD drivers/usb/host/libusb_host.o
LOAD drivers/usb/musb/libusb_musb.o
LOAD drivers/usb/phy/libusb_phy.o
LOAD drivers/usb/ulpi/libusb_ulpi.o
LOAD drivers/video/libvideo.o
LOAD drivers/watchdog/libwatchdog.o
LOAD fs/cramfs/libcramfs.o
LOAD fs/ext4/libext4fs.o
LOAD fs/fat/libfat.o
LOAD fs/fdos/libfdos.o
LOAD fs/jffs2/libjffs2.o
LOAD fs/reiserfs/libreiserfs.o
LOAD fs/ubifs/libubifs.o
LOAD fs/yaffs2/libyaffs2.o
LOAD fs/zfs/libzfs.o
LOAD lib/libfdt/libfdt.o
LOAD lib/libgeneric.o
LOAD lib/lzma/liblzma.o
LOAD lib/lzo/liblzo.o
LOAD lib/zlib/libz.o
LOAD net/libnet.o
LOAD post/libpost.o
LOAD test/libtest.o
LOAD board/goke/gk7101s/libgk7101s.o
END GROUP
LOAD /mnt/gm8135_share/work/GK710X_LinuxSDK_v2.0.0/boot/u-boot/arch/arm/lib/eabi_compat.o
LOAD /opt/goke/ct_uClibc/4.6.1/usr/bin/../lib/gcc/arm-goke-linux-uclibcgnueabi/4.6.1/libgcc.a
OUTPUT(u-boot elf32-littlearm)

.ARM.attributes
                0x00000000       0x27
 .ARM.attributes
                0x00000000       0x1c arch/arm/cpu/arm1176/start.o
 .ARM.attributes
                0x0000001c       0x2c arch/arm/cpu/arm1176/gk7101s/libgk7101s.o
 .ARM.attributes
                0x00000048       0x2c arch/arm/cpu/arm1176/libarm1176.o
 .ARM.attributes
                0x00000074       0x28 arch/arm/lib/libarm.o
 .ARM.attributes
                0x0000009c       0x2c common/libcommon.o
 .ARM.attributes
                0x000000c8       0x2c disk/libdisk.o
 .ARM.attributes
                0x000000f4       0x2c drivers/gpio/libgpio.o
 .ARM.attributes
                0x00000120       0x2c drivers/input/libinput.o
 .ARM.attributes
                0x0000014c       0x2c drivers/mtd/nand/libnand.o
 .ARM.attributes
                0x00000178       0x2c drivers/mtd/spi/libspi_flash.o
 .ARM.attributes
                0x000001a4       0x2c drivers/mtd/spinand/libspinand.o
 .ARM.attributes
                0x000001d0       0x2c drivers/net/libnet.o
 .ARM.attributes
                0x000001fc       0x2c drivers/pcmcia/libpcmcia.o
 .ARM.attributes
                0x00000228       0x2c drivers/rtc/librtc.o
 .ARM.attributes
                0x00000254       0x2c lib/libgeneric.o
 .ARM.attributes
                0x00000280       0x2c lib/zlib/libz.o
 .ARM.attributes
                0x000002ac       0x2c net/libnet.o
 .ARM.attributes
                0x000002d8       0x28 board/goke/gk7101s/libgk7101s.o
 .ARM.attributes
                0x00000300       0x2c /mnt/gm8135_share/work/GK710X_LinuxSDK_v2.0.0/boot/u-boot/arch/arm/lib/eabi_compat.o
 .ARM.attributes
                0x0000032c       0x1d /opt/goke/ct_uClibc/4.6.1/usr/bin/../lib/gcc/arm-goke-linux-uclibcgnueabi/4.6.1/libgcc.a(_udivsi3.o)
 .ARM.attributes
                0x00000349       0x1d /opt/goke/ct_uClibc/4.6.1/usr/bin/../lib/gcc/arm-goke-linux-uclibcgnueabi/4.6.1/libgcc.a(_divsi3.o)
 .ARM.attributes
                0x00000366       0x1d /opt/goke/ct_uClibc/4.6.1/usr/bin/../lib/gcc/arm-goke-linux-uclibcgnueabi/4.6.1/libgcc.a(_lshrdi3.o)
 .ARM.attributes
                0x00000383       0x1d /opt/goke/ct_uClibc/4.6.1/usr/bin/../lib/gcc/arm-goke-linux-uclibcgnueabi/4.6.1/libgcc.a(_ashrdi3.o)
 .ARM.attributes
                0x000003a0       0x1d /opt/goke/ct_uClibc/4.6.1/usr/bin/../lib/gcc/arm-goke-linux-uclibcgnueabi/4.6.1/libgcc.a(_ashldi3.o)
 .ARM.attributes
                0x000003bd       0x1d /opt/goke/ct_uClibc/4.6.1/usr/bin/../lib/gcc/arm-goke-linux-uclibcgnueabi/4.6.1/libgcc.a(_dvmd_lnx.o)

.comment        0x00000000       0x21
 .comment       0x00000000       0x21 arch/arm/cpu/arm1176/gk7101s/libgk7101s.o
                                 0x88 (size before relaxing)
 .comment       0x00000000       0x22 arch/arm/cpu/arm1176/libarm1176.o
 .comment       0x00000000       0xcc arch/arm/lib/libarm.o
 .comment       0x00000000      0x440 common/libcommon.o
 .comment       0x00000000       0x22 disk/libdisk.o
 .comment       0x00000000       0x22 drivers/gpio/libgpio.o
 .comment       0x00000000       0x22 drivers/input/libinput.o
 .comment       0x00000000       0x22 drivers/mtd/nand/libnand.o
 .comment       0x00000000       0x22 drivers/mtd/spi/libspi_flash.o
 .comment       0x00000000       0xaa drivers/mtd/spinand/libspinand.o
 .comment       0x00000000       0x22 drivers/net/libnet.o
 .comment       0x00000000       0x44 drivers/pcmcia/libpcmcia.o
 .comment       0x00000000       0x22 drivers/rtc/librtc.o
 .comment       0x00000000      0x242 lib/libgeneric.o
 .comment       0x00000000       0x22 lib/zlib/libz.o
 .comment       0x00000000       0xee net/libnet.o
 .comment       0x00000000       0x44 board/goke/gk7101s/libgk7101s.o
 .comment       0x00000000       0x22 /mnt/gm8135_share/work/GK710X_LinuxSDK_v2.0.0/boot/u-boot/arch/arm/lib/eabi_compat.o

.note.GNU-stack
                0x00000000        0x0
 .note.GNU-stack
                0x00000000        0x0 arch/arm/cpu/arm1176/gk7101s/libgk7101s.o
 .note.GNU-stack
                0x00000000        0x0 arch/arm/cpu/arm1176/libarm1176.o
 .note.GNU-stack
                0x00000000        0x0 arch/arm/lib/libarm.o
 .note.GNU-stack
                0x00000000        0x0 common/libcommon.o
 .note.GNU-stack
                0x00000000        0x0 disk/libdisk.o
 .note.GNU-stack
                0x00000000        0x0 drivers/gpio/libgpio.o
 .note.GNU-stack
                0x00000000        0x0 drivers/input/libinput.o
 .note.GNU-stack
                0x00000000        0x0 drivers/mtd/nand/libnand.o
 .note.GNU-stack
                0x00000000        0x0 drivers/mtd/spi/libspi_flash.o
 .note.GNU-stack
                0x00000000        0x0 drivers/mtd/spinand/libspinand.o
 .note.GNU-stack
                0x00000000        0x0 drivers/net/libnet.o
 .note.GNU-stack
                0x00000000        0x0 drivers/pcmcia/libpcmcia.o
 .note.GNU-stack
                0x00000000        0x0 drivers/rtc/librtc.o
 .note.GNU-stack
                0x00000000        0x0 lib/libgeneric.o
 .note.GNU-stack
                0x00000000        0x0 lib/zlib/libz.o
 .note.GNU-stack
                0x00000000        0x0 net/libnet.o
 .note.GNU-stack
                0x00000000        0x0 board/goke/gk7101s/libgk7101s.o
 .note.GNU-stack
                0x00000000        0x0 /mnt/gm8135_share/work/GK710X_LinuxSDK_v2.0.0/boot/u-boot/arch/arm/lib/eabi_compat.o
 .note.GNU-stack
                0x00000000        0x0 /opt/goke/ct_uClibc/4.6.1/usr/bin/../lib/gcc/arm-goke-linux-uclibcgnueabi/4.6.1/libgcc.a(_udivsi3.o)
 .note.GNU-stack
                0x00000000        0x0 /opt/goke/ct_uClibc/4.6.1/usr/bin/../lib/gcc/arm-goke-linux-uclibcgnueabi/4.6.1/libgcc.a(_divsi3.o)
 .note.GNU-stack
                0x00000000        0x0 /opt/goke/ct_uClibc/4.6.1/usr/bin/../lib/gcc/arm-goke-linux-uclibcgnueabi/4.6.1/libgcc.a(_lshrdi3.o)
 .note.GNU-stack
                0x00000000        0x0 /opt/goke/ct_uClibc/4.6.1/usr/bin/../lib/gcc/arm-goke-linux-uclibcgnueabi/4.6.1/libgcc.a(_ashrdi3.o)
 .note.GNU-stack
                0x00000000        0x0 /opt/goke/ct_uClibc/4.6.1/usr/bin/../lib/gcc/arm-goke-linux-uclibcgnueabi/4.6.1/libgcc.a(_ashldi3.o)
 .note.GNU-stack
                0x00000000        0x0 /opt/goke/ct_uClibc/4.6.1/usr/bin/../lib/gcc/arm-goke-linux-uclibcgnueabi/4.6.1/libgcc.a(_dvmd_lnx.o)

.debug_line     0x00000000     0xeb1b
 .debug_line    0x00000000       0xd9 arch/arm/cpu/arm1176/start.o
 .debug_line    0x000000d9      0x4d4 arch/arm/cpu/arm1176/gk7101s/libgk7101s.o
 .debug_line    0x000005ad      0x12f arch/arm/cpu/arm1176/libarm1176.o
 .debug_line    0x000006dc      0xb43 arch/arm/lib/libarm.o
 .debug_line    0x0000121f     0x54bf common/libcommon.o
 .debug_line    0x000066de      0x1d9 disk/libdisk.o
 .debug_line    0x000068b7      0x413 drivers/gpio/libgpio.o
 .debug_line    0x00006cca      0x26e drivers/input/libinput.o
 .debug_line    0x00006f38      0x1da drivers/mtd/nand/libnand.o
 .debug_line    0x00007112      0x9d1 drivers/mtd/spi/libspi_flash.o
 .debug_line    0x00007ae3     0x18ab drivers/mtd/spinand/libspinand.o
 .debug_line    0x0000938e      0x489 drivers/net/libnet.o
 .debug_line    0x00009817      0x21a drivers/pcmcia/libpcmcia.o
 .debug_line    0x00009a31      0x10d drivers/rtc/librtc.o
 .debug_line    0x00009b3e     0x1f53 lib/libgeneric.o
 .debug_line    0x0000ba91      0xc10 lib/zlib/libz.o
 .debug_line    0x0000c6a1     0x19be net/libnet.o
 .debug_line    0x0000e05f      0x40d board/goke/gk7101s/libgk7101s.o
 .debug_line    0x0000e46c      0x133 /mnt/gm8135_share/work/GK710X_LinuxSDK_v2.0.0/boot/u-boot/arch/arm/lib/eabi_compat.o
 .debug_line    0x0000e59f       0xfc /opt/goke/ct_uClibc/4.6.1/usr/bin/../lib/gcc/arm-goke-linux-uclibcgnueabi/4.6.1/libgcc.a(_udivsi3.o)
 .debug_line    0x0000e69b      0x108 /opt/goke/ct_uClibc/4.6.1/usr/bin/../lib/gcc/arm-goke-linux-uclibcgnueabi/4.6.1/libgcc.a(_divsi3.o)
 .debug_line    0x0000e7a3       0xde /opt/goke/ct_uClibc/4.6.1/usr/bin/../lib/gcc/arm-goke-linux-uclibcgnueabi/4.6.1/libgcc.a(_lshrdi3.o)
 .debug_line    0x0000e881       0xde /opt/goke/ct_uClibc/4.6.1/usr/bin/../lib/gcc/arm-goke-linux-uclibcgnueabi/4.6.1/libgcc.a(_ashrdi3.o)
 .debug_line    0x0000e95f       0xde /opt/goke/ct_uClibc/4.6.1/usr/bin/../lib/gcc/arm-goke-linux-uclibcgnueabi/4.6.1/libgcc.a(_ashldi3.o)
 .debug_line    0x0000ea3d       0xde /opt/goke/ct_uClibc/4.6.1/usr/bin/../lib/gcc/arm-goke-linux-uclibcgnueabi/4.6.1/libgcc.a(_dvmd_lnx.o)

.debug_info     0x00000000    0x3be05
 .debug_info    0x00000000       0x7f arch/arm/cpu/arm1176/start.o
 .debug_info    0x0000007f     0x12b9 arch/arm/cpu/arm1176/gk7101s/libgk7101s.o
 .debug_info    0x00001338      0x2ea arch/arm/cpu/arm1176/libarm1176.o
 .debug_info    0x00001622     0x2eb7 arch/arm/lib/libarm.o
 .debug_info    0x000044d9    0x15e93 common/libcommon.o
 .debug_info    0x0001a36c      0x71c disk/libdisk.o
 .debug_info    0x0001aa88     0x165f drivers/gpio/libgpio.o
 .debug_info    0x0001c0e7      0xd3e drivers/input/libinput.o
 .debug_info    0x0001ce25      0xc87 drivers/mtd/nand/libnand.o
 .debug_info    0x0001daac     0x2933 drivers/mtd/spi/libspi_flash.o
 .debug_info    0x000203df     0x9c90 drivers/mtd/spinand/libspinand.o
 .debug_info    0x0002a06f     0x1acc drivers/net/libnet.o
 .debug_info    0x0002bb3b      0x568 drivers/pcmcia/libpcmcia.o
 .debug_info    0x0002c0a3      0x2b4 drivers/rtc/librtc.o
 .debug_info    0x0002c357     0x5497 lib/libgeneric.o
 .debug_info    0x000317ee     0x128c lib/zlib/libz.o
 .debug_info    0x00032a7a     0x7427 net/libnet.o
 .debug_info    0x00039ea1     0x12c5 board/goke/gk7101s/libgk7101s.o
 .debug_info    0x0003b166      0x309 /mnt/gm8135_share/work/GK710X_LinuxSDK_v2.0.0/boot/u-boot/arch/arm/lib/eabi_compat.o
 .debug_info    0x0003b46f      0x199 /opt/goke/ct_uClibc/4.6.1/usr/bin/../lib/gcc/arm-goke-linux-uclibcgnueabi/4.6.1/libgcc.a(_udivsi3.o)
 .debug_info    0x0003b608      0x199 /opt/goke/ct_uClibc/4.6.1/usr/bin/../lib/gcc/arm-goke-linux-uclibcgnueabi/4.6.1/libgcc.a(_divsi3.o)
 .debug_info    0x0003b7a1      0x199 /opt/goke/ct_uClibc/4.6.1/usr/bin/../lib/gcc/arm-goke-linux-uclibcgnueabi/4.6.1/libgcc.a(_lshrdi3.o)
 .debug_info    0x0003b93a      0x199 /opt/goke/ct_uClibc/4.6.1/usr/bin/../lib/gcc/arm-goke-linux-uclibcgnueabi/4.6.1/libgcc.a(_ashrdi3.o)
 .debug_info    0x0003bad3      0x199 /opt/goke/ct_uClibc/4.6.1/usr/bin/../lib/gcc/arm-goke-linux-uclibcgnueabi/4.6.1/libgcc.a(_ashldi3.o)
 .debug_info    0x0003bc6c      0x199 /opt/goke/ct_uClibc/4.6.1/usr/bin/../lib/gcc/arm-goke-linux-uclibcgnueabi/4.6.1/libgcc.a(_dvmd_lnx.o)

.debug_abbrev   0x00000000     0xc376
 .debug_abbrev  0x00000000       0x14 arch/arm/cpu/arm1176/start.o
 .debug_abbrev  0x00000014      0x5a6 arch/arm/cpu/arm1176/gk7101s/libgk7101s.o
 .debug_abbrev  0x000005ba      0x110 arch/arm/cpu/arm1176/libarm1176.o
 .debug_abbrev  0x000006ca      0xb38 arch/arm/lib/libarm.o
 .debug_abbrev  0x00001202     0x4f0d common/libcommon.o
 .debug_abbrev  0x0000610f      0x1f1 disk/libdisk.o
 .debug_abbrev  0x00006300      0x3b0 drivers/gpio/libgpio.o
 .debug_abbrev  0x000066b0      0x367 drivers/input/libinput.o
 .debug_abbrev  0x00006a17      0x19d drivers/mtd/nand/libnand.o
 .debug_abbrev  0x00006bb4      0x3be drivers/mtd/spi/libspi_flash.o
 .debug_abbrev  0x00006f72     0x1202 drivers/mtd/spinand/libspinand.o
 .debug_abbrev  0x00008174      0x3d3 drivers/net/libnet.o
 .debug_abbrev  0x00008547      0x1b2 drivers/pcmcia/libpcmcia.o
 .debug_abbrev  0x000086f9       0xd9 drivers/rtc/librtc.o
 .debug_abbrev  0x000087d2     0x1981 lib/libgeneric.o
 .debug_abbrev  0x0000a153      0x375 lib/zlib/libz.o
 .debug_abbrev  0x0000a4c8     0x18f1 net/libnet.o
 .debug_abbrev  0x0000bdb9      0x42f board/goke/gk7101s/libgk7101s.o
 .debug_abbrev  0x0000c1e8      0x116 /mnt/gm8135_share/work/GK710X_LinuxSDK_v2.0.0/boot/u-boot/arch/arm/lib/eabi_compat.o
 .debug_abbrev  0x0000c2fe       0x14 /opt/goke/ct_uClibc/4.6.1/usr/bin/../lib/gcc/arm-goke-linux-uclibcgnueabi/4.6.1/libgcc.a(_udivsi3.o)
 .debug_abbrev  0x0000c312       0x14 /opt/goke/ct_uClibc/4.6.1/usr/bin/../lib/gcc/arm-goke-linux-uclibcgnueabi/4.6.1/libgcc.a(_divsi3.o)
 .debug_abbrev  0x0000c326       0x14 /opt/goke/ct_uClibc/4.6.1/usr/bin/../lib/gcc/arm-goke-linux-uclibcgnueabi/4.6.1/libgcc.a(_lshrdi3.o)
 .debug_abbrev  0x0000c33a       0x14 /opt/goke/ct_uClibc/4.6.1/usr/bin/../lib/gcc/arm-goke-linux-uclibcgnueabi/4.6.1/libgcc.a(_ashrdi3.o)
 .debug_abbrev  0x0000c34e       0x14 /opt/goke/ct_uClibc/4.6.1/usr/bin/../lib/gcc/arm-goke-linux-uclibcgnueabi/4.6.1/libgcc.a(_ashldi3.o)
 .debug_abbrev  0x0000c362       0x14 /opt/goke/ct_uClibc/4.6.1/usr/bin/../lib/gcc/arm-goke-linux-uclibcgnueabi/4.6.1/libgcc.a(_dvmd_lnx.o)

.debug_aranges  0x00000000      0xb60
 .debug_aranges
                0x00000000       0x20 arch/arm/cpu/arm1176/start.o
 .debug_aranges
                0x00000020       0x80 arch/arm/cpu/arm1176/gk7101s/libgk7101s.o
 .debug_aranges
                0x000000a0       0x20 arch/arm/cpu/arm1176/libarm1176.o
 .debug_aranges
                0x000000c0      0x120 arch/arm/lib/libarm.o
 .debug_aranges
                0x000001e0      0x400 common/libcommon.o
 .debug_aranges
                0x000005e0       0x20 disk/libdisk.o
 .debug_aranges
                0x00000600       0x20 drivers/gpio/libgpio.o
 .debug_aranges
                0x00000620       0x20 drivers/input/libinput.o
 .debug_aranges
                0x00000640       0x20 drivers/mtd/nand/libnand.o
 .debug_aranges
                0x00000660       0x20 drivers/mtd/spi/libspi_flash.o
 .debug_aranges
                0x00000680       0xa0 drivers/mtd/spinand/libspinand.o
 .debug_aranges
                0x00000720       0x20 drivers/net/libnet.o
 .debug_aranges
                0x00000740      0x1e0 lib/libgeneric.o
 .debug_aranges
                0x00000920       0x20 lib/zlib/libz.o
 .debug_aranges
                0x00000940       0xe0 net/libnet.o
 .debug_aranges
                0x00000a20       0x60 board/goke/gk7101s/libgk7101s.o
 .debug_aranges
                0x00000a80       0x20 /mnt/gm8135_share/work/GK710X_LinuxSDK_v2.0.0/boot/u-boot/arch/arm/lib/eabi_compat.o
 .debug_aranges
                0x00000aa0       0x20 /opt/goke/ct_uClibc/4.6.1/usr/bin/../lib/gcc/arm-goke-linux-uclibcgnueabi/4.6.1/libgcc.a(_udivsi3.o)
 .debug_aranges
                0x00000ac0       0x20 /opt/goke/ct_uClibc/4.6.1/usr/bin/../lib/gcc/arm-goke-linux-uclibcgnueabi/4.6.1/libgcc.a(_divsi3.o)
 .debug_aranges
                0x00000ae0       0x20 /opt/goke/ct_uClibc/4.6.1/usr/bin/../lib/gcc/arm-goke-linux-uclibcgnueabi/4.6.1/libgcc.a(_lshrdi3.o)
 .debug_aranges
                0x00000b00       0x20 /opt/goke/ct_uClibc/4.6.1/usr/bin/../lib/gcc/arm-goke-linux-uclibcgnueabi/4.6.1/libgcc.a(_ashrdi3.o)
 .debug_aranges
                0x00000b20       0x20 /opt/goke/ct_uClibc/4.6.1/usr/bin/../lib/gcc/arm-goke-linux-uclibcgnueabi/4.6.1/libgcc.a(_ashldi3.o)
 .debug_aranges
                0x00000b40       0x20 /opt/goke/ct_uClibc/4.6.1/usr/bin/../lib/gcc/arm-goke-linux-uclibcgnueabi/4.6.1/libgcc.a(_dvmd_lnx.o)

.debug_frame    0x00000000     0x4558
 .debug_frame   0x00000000      0x18c arch/arm/cpu/arm1176/gk7101s/libgk7101s.o
 .debug_frame   0x0000018c       0x28 arch/arm/cpu/arm1176/libarm1176.o
 .debug_frame   0x000001b4      0x3b0 arch/arm/lib/libarm.o
 .debug_frame   0x00000564     0x1a88 common/libcommon.o
 .debug_frame   0x00001fec       0x78 disk/libdisk.o
 .debug_frame   0x00002064      0x11c drivers/gpio/libgpio.o
 .debug_frame   0x00002180       0xfc drivers/input/libinput.o
 .debug_frame   0x0000227c       0x40 drivers/mtd/nand/libnand.o
 .debug_frame   0x000022bc      0x294 drivers/mtd/spi/libspi_flash.o
 .debug_frame   0x00002550      0x778 drivers/mtd/spinand/libspinand.o
 .debug_frame   0x00002cc8      0x17c drivers/net/libnet.o
 .debug_frame   0x00002e44      0x980 lib/libgeneric.o
 .debug_frame   0x000037c4      0x11c lib/zlib/libz.o
 .debug_frame   0x000038e0      0xa54 net/libnet.o
 .debug_frame   0x00004334      0x19c board/goke/gk7101s/libgk7101s.o
 .debug_frame   0x000044d0       0x48 /mnt/gm8135_share/work/GK710X_LinuxSDK_v2.0.0/boot/u-boot/arch/arm/lib/eabi_compat.o
 .debug_frame   0x00004518       0x20 /opt/goke/ct_uClibc/4.6.1/usr/bin/../lib/gcc/arm-goke-linux-uclibcgnueabi/4.6.1/libgcc.a(_udivsi3.o)
 .debug_frame   0x00004538       0x20 /opt/goke/ct_uClibc/4.6.1/usr/bin/../lib/gcc/arm-goke-linux-uclibcgnueabi/4.6.1/libgcc.a(_divsi3.o)

.debug_str      0x00000000     0x97b4
 .debug_str     0x00000000      0x4ac arch/arm/cpu/arm1176/gk7101s/libgk7101s.o
                                0xaef (size before relaxing)
 .debug_str     0x000004ac       0x76 arch/arm/cpu/arm1176/libarm1176.o
                                0x239 (size before relaxing)
 .debug_str     0x00000522     0x129b arch/arm/lib/libarm.o
                               0x2d19 (size before relaxing)
 .debug_str     0x000017bd     0x28b3 common/libcommon.o
                               0xbb1a (size before relaxing)
 .debug_str     0x00004070      0x15b disk/libdisk.o
                                0x369 (size before relaxing)
 .debug_str     0x000041cb     0x171e drivers/gpio/libgpio.o
                               0x1916 (size before relaxing)
 .debug_str     0x000058e9      0x2ed drivers/input/libinput.o
                                0x552 (size before relaxing)
 .debug_str     0x00005bd6       0x96 drivers/mtd/nand/libnand.o
                                0x693 (size before relaxing)
 .debug_str     0x00005c6c      0x7d9 drivers/mtd/spi/libspi_flash.o
                                0xb13 (size before relaxing)
 .debug_str     0x00006445     0x103d drivers/mtd/spinand/libspinand.o
                               0x3c35 (size before relaxing)
 .debug_str     0x00007482      0x5a6 drivers/net/libnet.o
                               0x1b1e (size before relaxing)
 .debug_str     0x00007a28       0x66 drivers/pcmcia/libpcmcia.o
                                0x435 (size before relaxing)
 .debug_str     0x00007a8e       0x4d drivers/rtc/librtc.o
                                0x210 (size before relaxing)
 .debug_str     0x00007adb      0x703 lib/libgeneric.o
                               0x23a2 (size before relaxing)
 .debug_str     0x000081de      0x2f4 lib/zlib/libz.o
                                0x6a3 (size before relaxing)
 .debug_str     0x000084d2     0x10ef net/libnet.o
                               0x4ac6 (size before relaxing)
 .debug_str     0x000095c1      0x1aa board/goke/gk7101s/libgk7101s.o
                                0xaaf (size before relaxing)
 .debug_str     0x0000976b       0x49 /mnt/gm8135_share/work/GK710X_LinuxSDK_v2.0.0/boot/u-boot/arch/arm/lib/eabi_compat.o
                                0x253 (size before relaxing)

.debug_loc      0x00000000    0x2159c
 .debug_loc     0x00000000      0x3b0 arch/arm/cpu/arm1176/gk7101s/libgk7101s.o
 .debug_loc     0x000003b0       0x20 arch/arm/cpu/arm1176/libarm1176.o
 .debug_loc     0x000003d0      0x6ab arch/arm/lib/libarm.o
 .debug_loc     0x00000a7b     0xd04e common/libcommon.o
 .debug_loc     0x0000dac9      0x28e disk/libdisk.o
 .debug_loc     0x0000dd57      0x7bc drivers/gpio/libgpio.o
 .debug_loc     0x0000e513      0x7f1 drivers/input/libinput.o
 .debug_loc     0x0000ed04       0x3e drivers/mtd/nand/libnand.o
 .debug_loc     0x0000ed42     0x2363 drivers/mtd/spi/libspi_flash.o
 .debug_loc     0x000110a5     0x583b drivers/mtd/spinand/libspinand.o
 .debug_loc     0x000168e0      0xa0c drivers/net/libnet.o
 .debug_loc     0x000172ec     0x4470 lib/libgeneric.o
 .debug_loc     0x0001b75c     0x2376 lib/zlib/libz.o
 .debug_loc     0x0001dad2     0x35e9 net/libnet.o
 .debug_loc     0x000210bb      0x4a3 board/goke/gk7101s/libgk7101s.o
 .debug_loc     0x0002155e       0x3e /mnt/gm8135_share/work/GK710X_LinuxSDK_v2.0.0/boot/u-boot/arch/arm/lib/eabi_compat.o

.debug_ranges   0x00000000     0x22b0
 .debug_ranges  0x00000000       0xe0 arch/arm/cpu/arm1176/gk7101s/libgk7101s.o
 .debug_ranges  0x000000e0       0x60 arch/arm/lib/libarm.o
 .debug_ranges  0x00000140      0x840 common/libcommon.o
 .debug_ranges  0x00000980       0xe0 drivers/gpio/libgpio.o
 .debug_ranges  0x00000a60       0x80 drivers/input/libinput.o
 .debug_ranges  0x00000ae0      0x440 drivers/mtd/spi/libspi_flash.o
 .debug_ranges  0x00000f20      0x7a0 drivers/mtd/spinand/libspinand.o
 .debug_ranges  0x000016c0      0x2e8 drivers/net/libnet.o
 .debug_ranges  0x000019a8      0x2f0 lib/libgeneric.o
 .debug_ranges  0x00001c98       0x48 lib/zlib/libz.o
 .debug_ranges  0x00001ce0      0x5d0 net/libnet.o
