net.c:563:1:startAgainTimeout	0	static
net.c:618:13:dummy_handler	0	static
common.h:843:24:getenv_IPaddr	8	static
net.c:215:6:net_auto_load	8	static
net.c:624:11:net_get_udp_handler	0	static
net.c:629:6:net_set_udp_handler	0	static
net.c:638:11:net_get_arp_handler	0	static
net.c:643:6:net_set_arp_handler	0	static
net.c:653:6:net_set_icmp_handler	0	static
net.c:660:1:NetSetTimeout	16	static
net.c:568:6:NetStartAgain	16	static
net.c:266:13:net_clear_handlers	8	static
net.c:1284:1:NetCksum	0	static
net.c:1277:1:NetCksumOk	8	static
net.c:936:1:NetReceive	48	static
net.c:1298:1:NetEthHdrSize	0	static
net.c:1311:1:NetSetEther	24	static
net.c:1336:5:net_update_ether	16	static
net.c:1359:6:net_set_ip_header	16	static
net.c:1380:6:net_set_udp_header	24	static
net.c:680:5:NetSendUDPPacket	40	static
net.c:1404:6:copy_filename	0	static
net.c:1424:14:random_port	8	static
net.c:1430:6:ip_to_string	16	static
net.c:1440:6:VLAN_to_string	0	static
net.c:1453:8:string_to_VLAN	8	static
net.c:1468:8:getenv_VLAN	8	static
net.c:241:13:NetInitLoop	16	static
net.c:278:6:net_init	8	static
net.c:308:5:NetLoop	48	static
