goke_eth.c:751:6:gk7101_eth_halt	16	static
goke_eth.c:715:5:gk7101_eth_recv	24	static
goke_eth.c:324:12:gkhw_pht_reset	32	static
goke_eth.c:198:14:2	16	static
goke_eth.c:758:5:gk7101_eth_write_hwaddr	8	static
goke_eth.c:148:14:4	16	static
goke_eth.c:680:5:gk7101_eth_send	24	static
goke_eth.c:242:12:5	24	static
goke_eth.c:645:5:gk7101_eth_init	40	static
goke_eth.c:396:6:MHal_EMAC_WritReg8	0	static
goke_eth.c:404:15:MHal_EMAC_ReadReg8	0	static
goke_eth.c:563:5:gk7101_eth_config_register	32	static
goke_eth.c:767:5:gk7101_eth_initialize	8	static
