c0800000 T _start
c0800040 t Reset
c0800060 t _Reset
c0800064 t _reset
c0800068 t _undefined_instruction
c080006c t _software_interrupt
c0800070 t _prefetch_abort
c0800074 t _data_abort
c0800078 t _not_used
c080007c t _irq
c0800080 t _fiq
c0800084 t _pad
c0800088 T _end_vect
c0800090 T _TEXT_BASE
c0800094 t _TEXT_PHY_BASE
c0800098 T _bss_start_ofs
c080009c T _bss_end_ofs
c08000a0 T _end_ofs
c08000a4 T IRQ_STACK_START_IN
c08000a8 t cpu_init_crit
c08000a8 t reset
c0800100 t mmu_disable
c0800110 t mmu_disable_phys
c0800114 t call_board_init_f
c0800124 T relocate_code
c0800130 t stack_setup
c0800150 t copy_loop
c0800180 t fixloop
c08001a4 t fixabs
c08001b8 t fixrel
c08001c0 t fixnext
c08001d0 t clear_bss
c08001e8 t clbss_l
c08001fc t clbss_e
c0800218 t _board_init_r_ofs
c080021c t _rel_dyn_start_ofs
c0800220 t _rel_dyn_end_ofs
c0800224 t _dynsym_start_ofs
c0800240 t undefined_instruction
c08002a0 t software_interrupt
c0800300 t prefetch_abort
c0800360 t data_abort
c08003c0 t not_used
c0800420 t irq
c0800480 t fiq
c08004e0 T arch_cpu_init
c08004e8 T reset_cpu
c0800510 T timer_init
c0800540 T __udelay
c08005c4 T get_tbclk
c08005cc T get_timer
c08005f8 T get_ticks
c080060c t gk7101_putc.constprop.0
c080065c T serial_init
c0800798 T serial_putc
c08007bc T serial_puts
c08007dc T serial_getc
c0800824 T serial_tstc
c0800850 T serial_setbrg
c080088c T cleanup_before_linux
c08008b0 T memcpy
c0800bc8 T memmove
c0800edc t init_baudrate
c0800ef0 t display_banner
c0800f10 T __coloured_LED_init
c0800f10 W coloured_LED_init
c0800f14 T __red_led_on
c0800f14 W red_led_on
c0800f18 T __red_led_off
c0800f18 W red_led_off
c0800f1c T __green_led_on
c0800f1c W green_led_on
c0800f20 T __green_led_off
c0800f20 W green_led_off
c0800f24 T __yellow_led_on
c0800f24 W yellow_led_on
c0800f28 T __yellow_led_off
c0800f28 W yellow_led_off
c0800f2c T __blue_led_on
c0800f2c W blue_led_on
c0800f30 T __blue_led_off
c0800f30 W blue_led_off
c0800f34 T __dram_init_banksize
c0800f50 T __arch_cpu_init
c0800f58 T board_init_r
c0801000 T hang
c0801014 T board_init_f
c0801130 t boot_prep_linux.isra.4
c080122c t boot_jump_linux.isra.5
c08012e8 T arch_lmb_reserve
c080130c T do_bootm_linux
c0801360 T bootz_setup
c08013a4 T interrupt_init
c08013c0 T enable_interrupts
c08013c4 T disable_interrupts
c08013cc T bad_mode
c08013dc T show_regs
c080151c T do_undefined_instruction
c080153c T do_software_interrupt
c080155c T do_prefetch_abort
c080157c T do_data_abort
c080159c T do_not_used
c08015bc T do_fiq
c08015dc T do_irq
c08015e0 T do_reset
c0801610 T __flush_cache
c0801610 W flush_cache
c0801614 T __flush_dcache_all
c0801614 W flush_dcache_all
c0801620 T __enable_caches
c0801620 W enable_caches
c080162c T icache_enable
c0801630 T icache_disable
c0801634 T icache_status
c080163c T dcache_enable
c0801640 T dcache_disable
c0801644 T dcache_status
c080164c T ARM1176_set_and_go
c080168c t print_num
c08016a4 T do_bdinfo
c08017bc W do_go_exec
c08017d4 T do_go
c0801840 t __fswab32
c080185c t boot_start_lmb
c080189c t do_imls
c0801950 t image_check_magic
c0801974 t image_info
c0801a3c t image_get_data_size
c0801a44 T do_bootd
c0801a68 t do_bootz
c0801b6c T do_iminfo
c0801bcc t do_bootm_qnxelf
c0801c30 t do_bootm_vxworks
c0801c90 t do_bootm_rtems
c0801ccc t do_bootm_netbsd
c0801e0c t bootm_load_os.isra.19
c0801f78 t bootm_start.isra.18
c0802338 T __arch_preboot_os
c0802338 W arch_preboot_os
c080233c T do_bootm_subcommand
c0802580 T do_bootm
c0802970 T bootm_maybe_autostart
c08029e4 t __bootz_setup
c08029fc T do_coninfo
c0802ab4 T do_echo
c0802b74 t load_elf_image_shdr
c0802c04 W do_bootelf_exec
c0802c48 T valid_elf_image
c0802c94 T do_bootvx
c0802f30 T do_bootelf
c0803084 t flash_fill_sect_ranges
c0803244 t abbrev_spec
c0803388 T do_flinfo
c0803404 T flash_sect_roundb
c08034d0 t addr_spec
c0803590 T flash_sect_erase
c0803678 T do_flerase
c0803818 T flash_sect_protect
c080390c T do_protect
c0803ba0 T do_help
c0803be4 t evalexp
c0803c54 T binary_test
c0803e20 T do_itest
c0803eb8 t bin_data_init
c0803ed4 t load_serial_ymodem
c0804008 t getcxmodem
c0804028 t load_serial
c0804244 T do_load_serial
c080431c t bin_data_char
c080433c T send_pad
c0804368 T ktrans
c0804388 T chk1
c08043b0 T s1_sendpacket
c08043d4 T send_ack
c0804430 T send_nack
c080448c T k_data_init
c08044ac T k_data_save
c08044d0 T k_data_restore
c08044f4 T k_data_char
c0804544 T handle_send_packet
c0804704 T do_load_serial_bin
c0804b58 T do_mem_crc
c0804c04 T do_mem_base
c0804c44 T do_mem_mtest
c0804de8 T do_mem_loop
c0804ed8 T do_mem_cmp
c0805010 T do_mem_mw
c08050c8 T do_mem_cp
c08051e8 T do_mem_md
c08052b4 t mod_mem.isra.0
c08053fc T do_mem_nm
c0805404 T do_mem_mm
c080540c T do_sleep
c0805480 t netboot_common
c080577c T do_nfs
c0805788 T do_dhcp
c0805794 T do_tftpput
c08057a0 T do_tftpb
c08057ac T do_bootp
c08057b8 T do_ping
c0805830 t do_env
c0805890 t do_env_delete
c08058a8 t do_env_import
c0805b08 t do_env_default
c0805bbc T do_env_save
c0805be8 t env_print
c0805c88 T do_env_print
c0805d0c T get_env_id
c0805d1c T env_check_apply
c0805f00 T _do_env_set
c08060b4 T do_env_set
c08060d4 T setenv
c0806120 t do_env_export
c0806380 T setenv_ulong
c08063a0 T setenv_addr
c08063d4 T envmatch
c0806438 T getenv_f
c08064f4 T getenv
c0806560 T getenv_ulong
c0806590 T do_env_edit
c08065f4 T do_spi_flash
c0806b88 T source
c0806c88 T do_source
c0806ccc t snand_arg_off
c0806d58 t snand_arg_off_size
c0806e98 t snand_print_and_set_info.constprop.3
c0806f78 T do_snand
c0807a68 T do_version
c0807aa0 T do_imgextract
c0807d6c T find_cmd_tbl
c0807e08 T find_cmd
c0807e30 T cmd_usage
c0807e8c T _do_help
c0808010 T var_complete
c0808094 T cmd_auto_complete
c080850c T cmd_get_data_size
c080855c T cmd_process
c0808610 t console_setfile
c08086b4 T serial_printf
c08086f8 T fgetc
c0808724 T ftstc
c0808750 T fputc
c0808778 T fputs
c08087a0 T fprintf
c08087e8 T getc
c080880c T tstc
c0808830 T putc
c0808858 T puts
c0808880 T printf
c08088d0 T vprintf
c0808910 T ctrlc
c080895c T disable_ctrlc
c0808974 T had_ctrlc
c0808984 T clear_ctrlc
c0808998 T dbg
c08089a4 T search_device
c08089cc T console_assign
c0808a0c T console_init_f
c0808a2c T stdio_print_current_devices
c0808ae0 T console_init_r
c0808bc8 T sbrk
c0808c24 T mem_malloc_init
c0808c48 T malloc_trim
c0808d18 T free
c0808f3c T cfree
c0808f40 T malloc
c0809510 T calloc
c08095e4 T memalign
c08096f4 T pvalloc
c080970c T valloc
c0809718 T realloc
c0809b20 T malloc_usable_size
c0809b5c T mallopt
c0809bd0 W env_get_char_spec
c0809bd0 t __env_get_char_spec
c0809bdc T env_get_addr
c0809c00 T env_get_char_memory
c0809c10 T env_get_char
c0809c44 T set_default_env
c0809d04 T set_default_vars
c0809d3c T env_import
c0809e20 T env_relocate
c0809e50 T env_complete
c0809f34 T saveenv
c080a094 T env_relocate_spec
c080a13c T env_init
c080a158 t dummy
c080a15c T get_version
c080a164 T jumptable_init
c080a2f4 T flash_protect
c080a3f0 T addr2info
c080a440 T flash_write
c080a5a4 T flash_perror
c080a698 t __fswab32
c080a6b4 t image_check_magic
c080a6d8 t image_get_data_size
c080a6e0 T image_check_hcrc
c080a730 T image_check_dcrc
c080a76c T image_multi_count
c080a790 T image_multi_getimg
c080a814 T getenv_yesno
c080a83c T getenv_bootm_low
c080a86c T getenv_bootm_size
c080a8c8 T getenv_bootm_mapsize
c080a8f8 T memmove_wd
c080a904 T genimg_print_size
c080a934 T get_table_entry_name
c080a960 T genimg_get_os_name
c080a978 T genimg_get_arch_name
c080a990 T genimg_get_type_name
c080a9a8 T genimg_get_comp_name
c080a9c0 T image_print_contents
c080ab38 T get_table_entry_id
c080ab84 T genimg_get_os_id
c080ab9c T genimg_get_arch_id
c080abb4 T genimg_get_type_id
c080abcc T genimg_get_comp_id
c080abe4 T genimg_get_format
c080abf8 T genimg_get_image
c080abfc T genimg_has_config
c080ac04 T boot_get_ramdisk
c080ae34 T boot_ramdisk_high
c080af54 t delete_char.part.0
c080b028 t cread_add_char
c080b114 T __show_boot_progress
c080b114 W show_boot_progress
c080b118 T readline_into_buffer
c080bacc T readline
c080bae8 T parse_line
c080bb68 t builtin_run_command
c080bea4 T run_command
c080bebc T run_command_list
c080bfa8 T main_loop
c080c140 T do_run
c080c1bc T get_ram_size
c080c2c4 t hex1_bin
c080c2fc t hex2_bin
c080c330 T srec_decode
c080c598 T stdio_get_list
c080c5a4 T stdio_get_by_name
c080c5f8 T stdio_clone
c080c640 T stdio_register
c080c684 T stdio_init
c080c70c T CYGACC_COMM_IF_GETC_TIMEOUT
c080c758 t xyzModem_flush
c080c780 t xyzModem_get_hdr
c080c9f4 T CYGACC_COMM_IF_PUTC
c080c9fc T parse_num
c080cb18 T xyzModem_stream_open
c080cc64 T xyzModem_stream_read
c080ceb4 T xyzModem_stream_close
c080cf04 T xyzModem_stream_terminate
c080cf98 T xyzModem_error
c080cfb8 T get_dev
c080cfc0 T get_partition_info
c080cfc8 T get_device
c080d01c T get_device_and_partition
c080d218 T gk7101_gpio_set_incfg
c080d22c T gk7101_gpio_config
c080d4b4 T gk7101_gpio_set
c080d4f4 T gk7101_gpio_get
c080d540 T gk7101_set_gpio_output
c080d5bc T gk7101_get_gpio_input
c080d684 T gk7101_set_gpio_reset
c080d750 T gk710xs_save_gpio_cfg_to_usr_memory
c080d988 T gk710xs_gpio_initialize
c080d9f4 T gk710xs_phy_gpio_initialize
c080dab4 t sort_array_by_ordering
c080dba0 T input_queue_ascii
c080dbf0 T input_tstc
c080dc34 T input_getc
c080dc94 T input_send_keycodes
c080deb4 T input_add_table
c080def4 T input_init
c080df9c T input_stdio_register
c080dff0 T nand_register
c080e06c T nand_init
c080e070 t sflash_wip_done_wait
c080e0b4 t sflash_write_enable
c080e118 t sflash_disenable_io4
c080e268 t sflash_set_ext_addr
c080e2cc t sflash_erase
c080e4b0 t sflash_write_io4
c080e63c t sflash_write_io2
c080e774 t sflash_write_io1
c080e884 t sflash_enable_io4
c080e9d8 t sflash_read_io4
c080eab4 t sflash_read_io2
c080eb44 t sflash_read_io1
c080ebc0 t sflash_probe.constprop.6
c080ecc4 T goke_sflash_init
c080f014 T spi_flash_write_common
c080f254 t sflash_write
c080f4e0 T spi_flash_read_common
c080f6f8 t sflash_read
c080f708 T spi_flash_probe
c080f74c T spi_flash_free
c080f750 T spi_release_bus
c080f754 T spi_claim_bus
c080f75c T board_nand_init
c080f7c8 t spinand_block_bad
c080f938 t spinand_sync
c080f958 t spinand_fill_oob
c080fa7c t spinand_do_write_oob
c080fcf4 t spinand_default_block_markbad
c080fe5c t spinand_do_write_ops
c0810104 t spinand_write
c0810190 t spinand_transfer_oob
c08102a0 t spinand_do_read_ops
c08104fc t spinand_read
c0810588 t spinand_block_checkbad
c08105f8 t spinand_block_isbad
c0810624 t spinand_block_markbad
c0810664 t spinand_write_oob
c0810710 t spinand_read_oob
c08109d0 T spinand_erase_nand
c0810d30 t spinand_erase
c0810d38 T spinand_scan
c0810e68 T spinand_release
c0810e6c t spinand_scan_read_raw_oob
c0810f3c t spinand_scan_read_raw
c0810f9c t spinand_verify_bbt_descr
c08110f0 t spinand_check_pattern
c0811234 t spinand_create_bbt
c0811580 t spinand_search_bbt
c08116f4 t spinand_write_bbt
c0811c94 t spinand_read_bbt.constprop.1
c0811f1c T spinand_update_bbt
c0812018 t spinand_mark_bbt_region
c0812138 T spinand_scan_bbt
c081257c T spinand_default_bbt
c081264c T spinand_isbad_bbt
c08126a0 t spinand_check_skip_len
c0812730 T spinand_erase_opts
c0812a84 T spinand_write_skip_bad
c0812c68 T spinand_read_skip_bad
c0812e68 t gk7101_spinand_read_from_cache
c0812f14 t gk7101_spinand_write_to_cache.isra.3
c0812f8c t gk7101_spinand_program_data_to_cache
c0813034 t gk7101_spinand_write_enable.isra.7.constprop.9
c0813058 T spinand_set_ce
c0813068 T spinand_get_ce
c0813078 T spinand_set_ce_chselect
c0813098 t gk7101_spinand_set_channel
c08130f0 t gk7101_spinand_release_channel
c081314c t gk7101_spinand_enable_ecc
c08131fc t gk7101_spinand_disable_ecc
c0813298 t gk7101_spinand_erase_block
c0813354 t gk7101_spinand_program_page_raw
c08133fc t gk7101_spinand_program_page
c08134c8 t gk7101_spinand_read_page_raw
c081356c t gk7101_spinand_read_page
c0813634 t gk7101_spinand_read_id
c0813684 t gk7101_spinand_reset
c0813710 T spinand_set_speed
c0813720 T spinand_get_speed
c0813730 T spinand_set_command
c0813740 T spinand_set_data
c0813750 T spinand_get_data
c0813760 T spinand_board_init
c0813a20 T gk7101_eth_halt
c0813ac0 T gk7101_eth_recv
c0813bbc t gkhw_pht_reset
c0813c1c t gkhw_set_hwaddr.isra.2
c0813c74 T gk7101_eth_write_hwaddr
c0813c90 t gkhw_dma_tx_stop.isra.4
c0813d1c T gk7101_eth_send
c0813e64 t gkhw_mdio_read.isra.5
c0813f10 T gk7101_eth_init
c0814268 T MHal_EMAC_WritReg8
c0814288 T MHal_EMAC_ReadReg8
c08142a8 T gk7101_eth_config_register
c081484c T gk7101_eth_initialize
c08148dc T cyg_crc16
c0814924 T crc32_no_comp
c0814a04 T crc32
c0814a18 T crc32_wd
c0814a1c T crc7
c0814a4c T display_options
c0814a6c T print_size
c0814bb0 T print_buffer
c0814d18 T __div64_32
c0814e04 T gzfree
c0814e0c T gzalloc
c0814e1c T zunzip
c0814f24 T gunzip
c0814fd0 t cmpkey
c0814fe4 t drop_var_from_set.part.0
c0815034 T hcreate_r
c08150e0 T hdestroy_r
c081517c T hstrstr_r
c0815228 T hmatch_r
c08152c8 T hsearch_r
c08155b8 T hdelete_r
c081566c T hexport_r
c0815914 T himport_r
c0815c84 T ldiv
c0815cd4 t lmb_add_region
c0815e9c T lmb_dump_all
c0815ea0 T lmb_init
c0815ec8 T lmb_add
c0815ecc T lmb_free
c0815ff0 T lmb_reserve
c0815ff8 T lmb_overlaps_region
c0816054 T __lmb_alloc_base
c0816184 T lmb_alloc_base
c08161b8 T lmb_alloc
c08161c0 T lmb_is_reserved
c0816220 T __board_lmb_reserve
c0816220 W board_lmb_reserve
c0816224 T __arch_lmb_reserve
c0816228 T string_to_ip
c0816298 T qsort
c0816368 T strcmp_compar
c0816374 T strcpy
c081638c T strncpy
c08163b0 T strcat
c08163dc T strncat
c0816430 T strcmp
c0816458 T strncmp
c081649c T strchr
c08164d0 T skip_spaces
c08164f8 T strlen
c0816518 T strim
c0816570 T strrchr
c08165ac T strnlen
c08165d8 T strdup
c081660c T strspn
c081664c T strpbrk
c0816688 T strtok
c0816700 T strsep
c0816734 T strswab
c0816780 T memset
c08167f0 T bcopy
c0816818 T memcmp
c081684c T memscan
c0816878 T strstr
c08168d8 T memchr
c0816908 T strmhz
c0816974 T udelay
c08169a4 T mdelay
c08169c8 t put_dec_trunc
c0816ab0 t put_dec
c0816c0c t string.isra.0
c0816ca8 t number.isra.4
c0816f20 t vsnprintf_internal.isra.6
c081757c T simple_strtoul
c0817628 T strict_strtoul
c08176a0 T simple_strtol
c08176c8 T ustrtoul
c081773c T simple_strtoull
c081783c T vsprintf
c0817840 T sprintf
c0817864 T panic
c08178a8 T __assert_fail
c08178bc T simple_itoa
c0817914 T zcfree
c081791c T zcalloc
c0817924 T inflate_fast
c0817eec T inflate_table
c08184c0 T inflateReset
c0818540 T inflateInit2_
c0818648 T inflateInit_
c081865c T inflateEnd
c08186c8 T adler32
c08189c0 T inflate
c081a03c T ArpInit
c081a068 T arp_raw_request
c081a138 T ArpRequest
c081a1ac T ArpTimeoutCheck
c081a220 T ArpReceive
c081a42c t __fswab32
c081a448 t NetCopyIP
c081a450 t NetReadLong
c081a46c t DhcpOptionsProcess
c081a698 t DhcpExtended
c081a7a0 t NetWriteIP.constprop.4
c081a7bc t DhcpHandler
c081aadc T BootpRequest
c081ac8c t BootpTimeout
c081acd4 T DhcpRequest
c081acd8 t is_valid_ether_addr
c081ad20 W cpu_eth_init
c081ad20 t __def_eth_init
c081ad28 t eth_current_changed
c081ad80 T eth_parse_enetaddr
c081add4 T eth_getenv_enetaddr
c081adf4 T eth_setenv_enetaddr
c081ae28 T eth_getenv_enetaddr_by_index
c081ae78 T eth_get_dev_by_name
c081aefc T eth_get_dev_by_index
c081af40 T eth_get_dev_index
c081af5c T eth_write_hwaddr
c081b0d0 T eth_register
c081b13c T eth_unregister
c081b1d8 T eth_initialize
c081b368 T eth_halt
c081b398 T eth_send
c081b3d0 T eth_rx
c081b3fc T eth_try_another
c081b474 T eth_init
c081b538 T eth_set_current
c081b5c8 T eth_get_name
c081b5e8 t startAgainTimeout
c081b5fc t dummy_handler
c081b600 t getenv_IPaddr
c081b610 T net_auto_load
c081b670 T net_get_udp_handler
c081b680 T net_set_udp_handler
c081b6a0 T net_get_arp_handler
c081b6b0 T net_set_arp_handler
c081b6d0 T net_set_icmp_handler
c081b6e0 T NetSetTimeout
c081b718 T NetStartAgain
c081b828 t net_clear_handlers
c081b84c T NetCksum
c081b884 T NetCksumOk
c081b8a8 T NetReceive
c081bbd4 T NetEthHdrSize
c081bc14 T NetSetEther
c081bcbc T net_update_ether
c081bd44 T net_set_ip_header
c081bdcc T net_set_udp_header
c081be74 T NetSendUDPPacket
c081bf78 T copy_filename
c081bfbc T random_port
c081bfd8 T ip_to_string
c081c028 T VLAN_to_string
c081c078 T string_to_VLAN
c081c0d0 T getenv_VLAN
c081c0e0 t NetInitLoop
c081c190 T net_init
c081c1fc T NetLoop
c081c558 t __fswab32
c081c574 t basename
c081c5b4 t rpc_add_credentials
c081c670 t rpc_lookup_reply
c081c710 t nfs_mount_reply
c081c7a4 t nfs_umountall_reply
c081c828 t nfs_lookup_reply
c081c8b4 t rpc_req
c081c9ac t rpc_lookup_req
c081ca0c t nfs_mount_req
c081caa0 t nfs_umountall_req
c081caf8 t nfs_lookup_req
c081cba0 t nfs_read_req
c081cc20 t nfs_readlink_req
c081cc78 t nfs_readlink_reply
c081cd68 t NfsSend
c081cdf0 t nfs_read_reply.isra.1
c081cf28 t NfsHandler
c081d118 t NfsTimeout
c081d170 T NfsStart
c081d3a4 t ping_timeout
c081d3c0 T ping_start
c081d4e4 T ping_receive
c081d5d0 t TftpSend
c081d7e8 t update_block_number
c081d874 t icmp_handler
c081d8a0 t TftpTimeout
c081d918 t TftpHandler
c081dc20 T TftpStart
c081dfa4 T lowlevel_init
c081dfa8 t gk_hal_init
c081e008 T gk_hal_print
c081e034 T board_early_init_f
c081e048 T gpio_init
c081e068 T phy_gpio_init
c081e088 T board_init
c081e0c8 T dram_init_banksize
c081e0e4 T dram_init
c081e120 T board_eth_init
c081e124 T checkboard
c081e134 T flash_init
c081e1ac T flash_get_info
c081e1c4 T flash_print_info
c081e1d0 T flash_get_size
c081e1e8 T flash_erase
c081e244 T write_buff
c081e2a8 T raise
c081e2c4 T __aeabi_unwind_cpp_pr0
c081e2c8 T __aeabi_unwind_cpp_pr1
c081e2cc T __aeabi_uidiv
c081e2cc T __udivsi3
c081e2cc t .udivsi3_skip_div0_test
c081e374 T __aeabi_uidivmod
c081e394 T __aeabi_idiv
c081e394 T __divsi3
c081e39c t .divsi3_skip_div0_test
c081e470 T __aeabi_idivmod
c081e490 T __aeabi_llsr
c081e490 T __lshrdi3
c081e4ac T __aeabi_lasr
c081e4ac T __ashrdi3
c081e4c8 T __aeabi_llsl
c081e4c8 T __ashldi3
c081e4e4 W __aeabi_idiv0
c081e4e4 W __aeabi_ldiv0
c081e574 r boot_os
c081e5c0 r op_table
c081e628 r __func__.3392
c081e638 r baudrate_table
c081e650 r __func__.3358
c081e660 r __func__.4261
c081e671 V version_string
c081e6bb r CSWTCH.29
c081e6d1 R default_environment
c081ee43 r __func__.3052
c081ee53 r __func__.3063
c081ee5e r __func__.3143
c081ee68 r uimage_os
c081eed4 r uimage_arch
c081efd0 r uimage_type
c081f09c r uimage_comp
c081f0e4 r erase_seq
c081f0e8 r tab_seq
c081f0f4 r CSWTCH.13
c081f114 r __func__.3378
c081f127 r __func__.3344
c081f13f r __func__.3383
c081f14f r __func__.3387
c081f15f r __func__.3393
c081f176 r __func__.3399
c081f18c r __func__.3405
c081f40c r CSWTCH.67
c081f410 r sflash_commands_spansion
c081f42c r sflash_commands_mx
c081f448 r sflash_commands_wb
c081f464 r sflash_command_sst
c081f480 r sflash_commands_numonyx
c081f49c r sflash_commands_gd
c081f4b8 r sflash_commands_eon
c081f4d4 r sflash_commands_issi
c081f4f0 r __func__.3845
c081f500 r __func__.3998
c081f51c r __func__.3877
c081f52b r __func__.3824
c081f53a r __func__.3858
c081f54a r __func__.3890
c081f55c r crc16_tab
c081f75c r crc_table
c081fb5c R crc7_syndrome_table
c081fc5c R _ctype
c081fd5c r names.3059
c081fd73 R hex_asc
c081fd84 r lext.3278
c081fdc2 r lbase.3277
c081fe00 r dext.3280
c081fe40 r dbase.3279
c081fe80 r lenfix
c0820680 r distfix
c0820700 r order.3373
c0820728 R z_errmsg
c0820750 r CSWTCH.23
c082075d r kbd_plain_xlate
c08207c0 r __FUNCTION__.3997
c08207d1 r __func__.4066
c08207e6 r __FUNCTION__.4069
c08207fb r __FUNCTION__.4093
c0820810 r __FUNCTION__.3970
c0820825 r __FUNCTION__.4047
c0820839 r __func__.4132
c082084b r __func__.4119
c082085c r __func__.4023
c0820870 r __FUNCTION__.4024
c0820884 r __func__.3944
c082089b r __func__.4151
c08208ae r __FUNCTION__.4153
c08208c1 r __FUNCTION__.4119
c08208da r __FUNCTION__.3980
c08208ed r __FUNCTION__.4050
c08208ff r __FUNCTION__.3873
c0820910 r __FUNCTION__.4095
c0820923 r __FUNCTION__.4130
c0820934 r __FUNCTION__.3939
c082094a r __FUNCTION__.4142
c082096b r CSWTCH.29
c082096e r CSWTCH.17
c0820971 r __func__.4201
c082098c r __func__.4184
c08209a8 r __func__.4118
c08209c1 r __func__.4052
c08209d6 r __func__.4226
c08209e9 r __FUNCTION__.3475
c0826b2c d port
c0826b58 D baudrate
c0826b5c D init_sequence
c0826b8c d cmd_bootm_sub
c0826c50 d do_echo
c0826c54 d dp_last_length
c0826c58 d cmd_env_sub
c0826d54 d env_id
c0826d58 D load_addr
c0826d5c d av_
c0827164 d sbrk_base
c0827168 d trim_threshold
c082716c d mmap_threshold
c0827170 D env_htab
c0827180 D env_name_spec
c0827184 d hist_cur
c0827188 D stdio_names
c0827194 d kbd_shift_xlate
c08271f7 d kbd_ctrl_xlate
c082725c D nand_curr_device
c0827260 d sflash_devices_supported
c0827740 d spinand_bbt_main_no_bbt
c0827764 d spinand_bbt_mirror_no_bbt
c0827788 d spinand_bbt_main
c08277ac d spinand_bbt_mirror
c08277d0 d scan_ff_pattern
c08277d2 d bbt_pattern
c08277d6 d mirror_pattern
c08277dc D spinand_devices_supported
c08279ec D spinand_commands_wb
c0827a38 D spinand_commands_ato
c0827a84 D spinand_commands_esmt
c0827ad0 D spinand_commands_gd
c0827b1c d spinand_ecc_64_layout_gd
c0827d64 d badblock_ptn_gd
c0827d88 d spinand_ecc_64_layout_esmt
c0827fd0 d badblock_ptn_esmt
c0827ff4 d spinand_ecc_64_layout_ato
c082823c d badblock_ptn_ato
c0828260 d spinand_ecc_64_layout_wb
c08284a8 d badblock_ptn_wb
c08284cc d scan_ff_pattern
c08284d0 d phy_try
c08284d4 D NetOurVLAN
c08284d6 D NetOurNativeVLAN
c08284d8 D NetBcastAddr
c08284e0 d first_call.3030
c08284e4 d nfs_offset
c08284e8 d TftpTimeoutMSecs
c08284ec d TftpBlkSizeOption
c08284ee d TftpBlkSize
c08284f0 d TftpTimeoutCountMax
c08284f4 D TftpRRQTimeoutCountMax
c08284f8 D TftpRRQTimeoutMSecs
c08284fc D hal_data
c0828f7c A __u_boot_cmd_start
c0828f7c D __u_boot_cmd_bdinfo
c0828f98 D __u_boot_cmd_reset
c0828fb4 D __u_boot_cmd_go
c0828fd0 D __u_boot_cmd_bootz
c0828fec D __u_boot_cmd_imls
c0829008 D __u_boot_cmd_iminfo
c0829024 D __u_boot_cmd_bootd
c0829040 D __u_boot_cmd_boot
c082905c D __u_boot_cmd_bootm
c0829078 D __u_boot_cmd_coninfo
c0829094 D __u_boot_cmd_echo
c08290b0 D __u_boot_cmd_bootvx
c08290cc D __u_boot_cmd_bootelf
c08290e8 D __u_boot_cmd_protect
c0829104 D __u_boot_cmd_erase
c0829120 D __u_boot_cmd_flinfo
c082913c D __u_boot_cmd_question_mark
c0829158 D __u_boot_cmd_help
c0829174 D __u_boot_cmd_itest
c0829190 D __u_boot_cmd_loady
c08291ac D __u_boot_cmd_loadb
c08291c8 D __u_boot_cmd_loads
c08291e4 D __u_boot_cmd_mtest
c0829200 D __u_boot_cmd_loop
c082921c D __u_boot_cmd_base
c0829238 D __u_boot_cmd_crc32
c0829254 D __u_boot_cmd_cmp
c0829270 D __u_boot_cmd_cp
c082928c D __u_boot_cmd_mw
c08292a8 D __u_boot_cmd_nm
c08292c4 D __u_boot_cmd_mm
c08292e0 D __u_boot_cmd_md
c08292fc D __u_boot_cmd_sleep
c0829318 D __u_boot_cmd_ping
c0829334 D __u_boot_cmd_nfs
c0829350 D __u_boot_cmd_dhcp
c082936c D __u_boot_cmd_tftpput
c0829388 D __u_boot_cmd_tftpboot
c08293a4 D __u_boot_cmd_bootp
c08293c0 D __u_boot_cmd_run
c08293dc D __u_boot_cmd_setenv
c08293f8 D __u_boot_cmd_printenv
c0829414 D __u_boot_cmd_editenv
c0829430 D __u_boot_cmd_env
c082944c D __u_boot_cmd_saveenv
c0829468 D __u_boot_cmd_sf
c0829484 D __u_boot_cmd_source
c08294a0 D __u_boot_cmd_snand
c08294bc D __u_boot_cmd_version
c08294d8 D __u_boot_cmd_imxtract
c08294f4 A __u_boot_cmd_end
c08294f4 A _end
c08294f4 B __bss_start
c08294f4 B monitor_flash_len
c08294f4 D __dynsym_start
c08294f4 D __rel_dyn_end
c08294f4 D __rel_dyn_start
c08294f8 b params
c0829500 B images
c082962c b os_data_state
c0829630 b os_data_addr
c0829634 b bin_start_address
c0829638 B his_pad_count
c082963c B his_pad_char
c082963d b a_b
c0829655 B his_eol
c0829658 b k_data_escape
c082965c B os_data_init
c0829660 b k_data_escape_saved
c0829664 b os_data_state_saved
c0829668 b os_data_addr_saved
c082966c B os_data_char
c0829670 B his_quote
c0829674 B send_ptr
c0829678 B send_parms
c082968c b base_address
c0829690 b dp_last_addr
c0829694 b dp_last_size
c0829698 b mm_last_addr
c082969c b mm_last_size
c08296a0 B save_size
c08296a4 B save_addr
c08296a8 b flash
c08296b0 b last.4207
c08296b8 b tmp_buf.2942
c08298b8 b tmp_buf
c0829cb8 b ctrlc_disabled
c0829cbc b ctrlc_was_pressed
c0829cc0 B mem_malloc_brk
c0829cc4 B mem_malloc_start
c0829cc8 B mem_malloc_end
c0829ccc b current_mallinfo
c0829cf4 b top_pad
c0829cf8 b max_sbrked_mem
c0829cfc b max_total_mem
c0829d00 b n_mmaps_max
c0829d04 b env_flash
c0829d08 b initted.3232
c0829d0c b hist_max
c0829d10 b hist_add_idx
c0829d14 B hist_num
c0829d18 B hist_lines
c082ed2c B hist_list
c082ed7c B console_buffer
c082f17d b lastcommand.3095
c082f580 b devs
c082f5bc B stdio_devices
c082f5c8 b xyz
c082fa04 b init_tag
c082fa08 b gk_all_gpio_cfg
c082fd90 B nand_info
c082fe38 b dev_name
c082fe40 b total_nand_size
c082fe48 b old_feature
c082fe4c b goke_sflash_device
c082fe58 B snand_mtd
c082ff00 B snand_chip
c082ff98 b rx_ring_des
c0830018 b rx_buf
c0833018 b tx_ring_des
c083301c b phy_type
c0833020 b gk7101_info
c08330d8 b tx_ring_desbuffer
c0833168 B errno
c083316c B ___strtok
c0833170 b local.3163
c0833188 B NetArpWaitPacketMAC
c083318c B NetArpWaitPacketIP
c0833190 B NetArpWaitReplyIP
c0833194 B NetArpWaitTxPacketSize
c0833198 B NetArpTxPacket
c083319c B NetArpPacketBuf
c08337dc B NetArpWaitTimerStart
c08337e0 B NetArpWaitTry
c08337e4 B dhcp_leasetime
c08337e8 B NetDHCPServerIP
c08337ec B BootpID
c08337f0 B dhcp_state
c08337f4 B BootpTry
c08337f8 B eth_current
c08337fc b eth_devices
c0833800 b index.3503
c0833804 b first_failed.3550
c0833808 b act.3555
c083380c b env_changed_id.3556
c0833810 B net_state
c0833814 b udp_packet_handler
c0833818 b arp_packet_handler
c083381c b packet_icmp_handler
c0833820 b timeHandler
c0833824 b timeStart
c0833828 b timeDelta
c083382c b NetTryCount
c0833830 b NetRestarted
c0833834 B NetRestartWrap
c0833838 b NetDevExists
c083383c B NetRxPacket
c0833840 B NetRxPacketLen
c0833844 B NetOurIP
c0833848 B NetOurEther
c0833850 B NetIPID
c0833854 B NetTxPacket
c0833858 B NetEtherNullAddr
c0833860 b env_changed_id.3019
c0833864 B NetOurGatewayIP
c0833868 B NetOurSubnetMask
c083386c B NetServerIP
c0833870 B PktBuf
c08356b0 B NetRxPackets
c08356c0 B NetBootFileXferSize
c08356c4 B BootFile
c0835744 B NetServerEther
c083574a B NetBootFileSize
c083574c B NetOurRootPath
c083578c B NetOurHostName
c08357ac B NetOurNISDomain
c08357cc B NetOurDNSIP
c08357d0 b rpc_id
c08357d4 b NfsSrvMountPort
c08357d8 b NfsSrvNfsPort
c08357dc b fs_mounted
c08357e0 b dirfh
c0835800 b filefh
c0835820 b NfsServerIP
c0835824 b NfsOurPort
c0835828 b nfs_path
c083582c b NfsState
c0835830 b nfs_filename
c0835834 b nfs_len
c0835838 b nfs_download_state
c083583c b NfsTimeoutCount
c0835840 b nfs_path_buff
c0836040 b default_filename
c0836080 B NetPingIP
c0836084 b PingSeqNo
c0836088 b TftpState
c083608c b tftp_filename
c083610c b TftpBlock
c0836110 b TftpWriting
c0836114 b TftpBlockWrapOffset
c0836118 b TftpFinalBlock
c083611c b TftpRemoteIP
c0836120 b TftpRemotePort
c0836124 b TftpOurPort
c0836128 b TftpBlockWrap
c083612c b TftpTimeoutCount
c0836130 b TftpLastBlock
c0836134 b default_filename
c0836144 B g_hw
c0836148 B flash_info
c08363d4 B __bss_end__
