swab.h:112:48:__fswab32	0	static
cmd_bootm.c:173:13:boot_start_lmb	16	static
cmd_bootm.c:1236:5:do_imls	24	static
image.h:469:19:image_check_magic	8	static
cmd_bootm.c:1167:12:image_info	16	static
image.h:401:24:image_get_data_size	0	static
cmd_bootm.c:1120:5:do_bootd	8	static
cmd_bootm.c:1662:12:do_bootz	344	static
cmd_bootm.c:1149:5:do_iminfo	24	static
cmd_bootm.c:1539:12:do_bootm_qnxelf	40	static
cmd_bootm.c:1517:12:do_bootm_vxworks	88	static
cmd_bootm.c:1451:12:do_bootm_rtems	8	static
cmd_bootm.c:1340:12:do_bootm_netbsd	48	static
cmd_bootm.c:317:12:19	40	static
cmd_bootm.c:193:12:18	48	static
cmd_bootm.c:164:6:__arch_preboot_os	0	static
cmd_bootm.c:477:5:do_bootm_subcommand	72	static
cmd_bootm.c:587:5:do_bootm	96	static
cmd_bootm.c:772:5:bootm_maybe_autostart	24	static
cmd_bootm.c:1599:12:__bootz_setup	8	static
