cmd_nvedit.c:1010:12:do_env	24	static
cmd_nvedit.c:707:12:do_env_delete	8	static
cmd_nvedit.c:872:12:do_env_import	56	static
cmd_nvedit.c:670:12:do_env_default	8	static
cmd_nvedit.c:634:5:do_env_save	8	static
cmd_nvedit.c:113:12:env_print	32	static
cmd_nvedit.c:143:5:do_env_print	24	static
cmd_nvedit.c:102:5:get_env_id	0	static
cmd_nvedit.c:214:5:env_check_apply	24	static
cmd_nvedit.c:334:5:_do_env_set	56	static
cmd_nvedit.c:447:5:do_env_set	0	static
cmd_nvedit.c:406:5:setenv	24	static
cmd_nvedit.c:760:12:do_env_export	88	static
cmd_nvedit.c:423:5:setenv_ulong	8	static
cmd_nvedit.c:438:5:setenv_addr	32	static
cmd_nvedit.c:657:5:envmatch	24	static
cmd_nvedit.c:577:5:getenv_f	32	static
cmd_nvedit.c:553:7:getenv	32	static
cmd_nvedit.c:621:7:getenv_ulong	16	static
cmd_nvedit.c:526:5:do_env_edit	1032	static
